nohup: ignoring input
============================================================
MultiResUNet Training Configuration
============================================================
Data Limit: None samples
Validation Split: 10.0%
Scale Enabled: True
Scale Factor: 0.75 (75%)
Input Channels: 3
Output Channels: 4
Model Architecture: smp_unet
Encoder: resnet34, weights=imagenet
Epochs: 200
Batch Size: 16
Learning Rate: 2e-05
Gradient Clipping: 0.5
Weight Decay: 0.0005
Device: cuda
Debug Mode: False
Data Validation: False
TensorBoard: True
Log Directory: runs/logs/P_smp_resnet34_cls2w125
TensorBoard Image Interval: 5
TensorBoard Image Samples: 4
Num Workers: 4
Prefetch Factor: 2
Repeat Factor: 1
Oversample Classes: None
Oversample Factor: 1.0
Train Augmentation: True
Validation Augmentation: False
Augmentation Strength: mild
Augmentation Curriculum: cosine
Curriculum: start=E30, ramp=30, max_level=0.4, target=moderate
Early Stopping Patience: 30
Early Stopping Min Delta: 0.0
Early Stopping Min Epochs: 100
Class Weights: [1.0, 1.0, 1.25, 1.0]
Dropout Rate: 0.2
Validation TTA: none
Random Seed: 42
============================================================
Using device: cuda
GPU Memory: 47.7 GB


TensorBoard logs will be saved to: runs/logs/P_smp_resnet34_cls2w125

Loading data...
Using memory-efficient dataset loading (recommended for large datasets)...
Total samples: 7950
Training samples: 7155
Validation samples: 795
  Scale factor: 75%
Dataset created with 7155 samples
  Scale enabled: 75%
  Augmentation: Enabled
  Augmentation strength: mild
Dataset created with 795 samples
  Scale enabled: 75%
  Augmentation: Disabled
✓ Training samples: 7155
✓ Validation samples: 795
✓ Memory usage: Minimal (data loaded batch-by-batch)
✓ Optimized DataLoader config:
  - workers=4 (auto-tuned from 4)
  - prefetch=2
  - persistent_workers=False (memory-safe)
  - pin_memory=True (GPU transfer optimization)

Initializing model...
Model architecture: SMP-Unet(resnet34, weights=imagenet)
  Input: 3 channels
  Output: 4 channels

Starting training...
------------------------------------------------------------

Using Combined Loss (BCE/Focal + Dice)
  BCE/Focal weight: 0.7
  Dice weight: 0.3
  Class weights: [1.0, 1.0, 1.25, 1.0]
Training config saved to 'runs/logs/P_smp_resnet34_cls2w125/config.json'

✓ TensorBoard logging enabled at: runs/logs/P_smp_resnet34_cls2w125
  ✓ Configuration recorded
/home/zjm/anaconda3/envs/pytorch1110/lib/python3.6/site-packages/torch/hub.py:559: UserWarning: TORCH_MODEL_ZOO is deprecated, please use env TORCH_HOME instead
  warnings.warn('TORCH_MODEL_ZOO is deprecated, please use env TORCH_HOME instead')
Model architecture saved to models/P_smp_resnet34_cls2w125/model_architecture.pth
Model weights saved to models/P_smp_resnet34_cls2w125/best_model.pth
  ✓ New best model saved by val Dice: 0.3045 (epoch 1)

Epoch [1/200], Loss: 0.6351
Average Dice Coefficient: 0.1658
Average Jaccard Index: 0.1068
  Current learning rate: 0.000020
  Augmentation curriculum: cosine, level=0.000, target_profile=moderate
  Validation Dice: 0.3045, Jaccard: 0.2175
  Validation Loss: 0.5444, Dice Gap: -0.1387
  Best Validation Dice: 0.3045 (epoch 1)
  Patience Counter: 0/30
Model architecture saved to models/P_smp_resnet34_cls2w125/model_architecture.pth
Model weights saved to models/P_smp_resnet34_cls2w125/best_model.pth
  ✓ New best model saved by val Dice: 0.4011 (epoch 2)

Epoch [2/200], Loss: 0.4971
Average Dice Coefficient: 0.3061
Average Jaccard Index: 0.2248
  Current learning rate: 0.000020
  Augmentation curriculum: cosine, level=0.000, target_profile=moderate
  Validation Dice: 0.4011, Jaccard: 0.3042
  Validation Loss: 0.4513, Dice Gap: -0.0950
  Best Validation Dice: 0.4011 (epoch 2)
  Patience Counter: 0/30
Model architecture saved to models/P_smp_resnet34_cls2w125/model_architecture.pth
Model weights saved to models/P_smp_resnet34_cls2w125/best_model.pth
  ✓ New best model saved by val Dice: 0.4426 (epoch 3)

Epoch [3/200], Loss: 0.4177
Average Dice Coefficient: 0.3849
Average Jaccard Index: 0.2936
  Current learning rate: 0.000020
  Augmentation curriculum: cosine, level=0.000, target_profile=moderate
  Validation Dice: 0.4426, Jaccard: 0.3467
  Validation Loss: 0.3794, Dice Gap: -0.0577
  Best Validation Dice: 0.4426 (epoch 3)
  Patience Counter: 0/30
Model architecture saved to models/P_smp_resnet34_cls2w125/model_architecture.pth
Model weights saved to models/P_smp_resnet34_cls2w125/best_model.pth
  ✓ New best model saved by val Dice: 0.5926 (epoch 4)

Epoch [4/200], Loss: 0.3544
Average Dice Coefficient: 0.4559
Average Jaccard Index: 0.3524
  Current learning rate: 0.000020
  Augmentation curriculum: cosine, level=0.000, target_profile=moderate
  Validation Dice: 0.5926, Jaccard: 0.4704
  Validation Loss: 0.3206, Dice Gap: -0.1367
  Best Validation Dice: 0.5926 (epoch 4)
  Patience Counter: 0/30

Epoch [5/200], Loss: 0.3011
Average Dice Coefficient: 0.5324
Average Jaccard Index: 0.4326
  Current learning rate: 0.000020
  Augmentation curriculum: cosine, level=0.000, target_profile=moderate
  Validation Dice: 0.5892, Jaccard: 0.4929
  Validation Loss: 0.2721, Dice Gap: -0.0568
  Best Validation Dice: 0.5926 (epoch 4)
  Patience Counter: 1/30
  📊 GPU Memory Status: Allocated=428MB, Reserved=1278MB
Model architecture saved to models/P_smp_resnet34_cls2w125/model_architecture.pth
Model weights saved to models/P_smp_resnet34_cls2w125/best_model.pth
  ✓ New best model saved by val Dice: 0.5987 (epoch 6)

Epoch [6/200], Loss: 0.2639
Average Dice Coefficient: 0.5563
Average Jaccard Index: 0.4625
  Current learning rate: 0.000020
  Augmentation curriculum: cosine, level=0.000, target_profile=moderate
  Validation Dice: 0.5987, Jaccard: 0.5054
  Validation Loss: 0.2432, Dice Gap: -0.0424
  Best Validation Dice: 0.5987 (epoch 6)
  Patience Counter: 0/30

Epoch [7/200], Loss: 0.2368
Average Dice Coefficient: 0.5692
Average Jaccard Index: 0.4806
  Current learning rate: 0.000020
  Augmentation curriculum: cosine, level=0.000, target_profile=moderate
  Validation Dice: 0.5926, Jaccard: 0.5037
  Validation Loss: 0.2181, Dice Gap: -0.0234
  Best Validation Dice: 0.5987 (epoch 6)
  Patience Counter: 1/30
Model architecture saved to models/P_smp_resnet34_cls2w125/model_architecture.pth
Model weights saved to models/P_smp_resnet34_cls2w125/best_model.pth
  ✓ New best model saved by val Dice: 0.6684 (epoch 8)

Epoch [8/200], Loss: 0.2154
Average Dice Coefficient: 0.5978
Average Jaccard Index: 0.5048
  Current learning rate: 0.000020
  Augmentation curriculum: cosine, level=0.000, target_profile=moderate
  Validation Dice: 0.6684, Jaccard: 0.5610
  Validation Loss: 0.2003, Dice Gap: -0.0706
  Best Validation Dice: 0.6684 (epoch 8)
  Patience Counter: 0/30
Model architecture saved to models/P_smp_resnet34_cls2w125/model_architecture.pth
Model weights saved to models/P_smp_resnet34_cls2w125/best_model.pth
  ✓ New best model saved by val Dice: 0.6969 (epoch 9)

Epoch [9/200], Loss: 0.1978
Average Dice Coefficient: 0.6745
Average Jaccard Index: 0.5617
  Current learning rate: 0.000020
  Augmentation curriculum: cosine, level=0.000, target_profile=moderate
  Validation Dice: 0.6969, Jaccard: 0.5850
  Validation Loss: 0.1849, Dice Gap: -0.0224
  Best Validation Dice: 0.6969 (epoch 9)
  Patience Counter: 0/30

Epoch [10/200], Loss: 0.1826
Average Dice Coefficient: 0.6900
Average Jaccard Index: 0.5764
  Current learning rate: 0.000020
  Augmentation curriculum: cosine, level=0.000, target_profile=moderate
  Validation Dice: 0.6904, Jaccard: 0.5832
  Validation Loss: 0.1727, Dice Gap: -0.0004
  Best Validation Dice: 0.6969 (epoch 9)
  Patience Counter: 1/30
Model architecture saved to models/P_smp_resnet34_cls2w125/model_architecture.pth
Model weights saved to models/P_smp_resnet34_cls2w125/model_epoch_10.pth
  📊 GPU Memory Status: Allocated=428MB, Reserved=1278MB
Model architecture saved to models/P_smp_resnet34_cls2w125/model_architecture.pth
Model weights saved to models/P_smp_resnet34_cls2w125/best_model.pth
  ✓ New best model saved by val Dice: 0.7097 (epoch 11)

Epoch [11/200], Loss: 0.1687
Average Dice Coefficient: 0.7014
Average Jaccard Index: 0.5890
  Current learning rate: 0.000020
  Augmentation curriculum: cosine, level=0.000, target_profile=moderate
  Validation Dice: 0.7097, Jaccard: 0.6029
  Validation Loss: 0.1611, Dice Gap: -0.0083
  Best Validation Dice: 0.7097 (epoch 11)
  Patience Counter: 0/30
Model architecture saved to models/P_smp_resnet34_cls2w125/model_architecture.pth
Model weights saved to models/P_smp_resnet34_cls2w125/best_model.pth
  ✓ New best model saved by val Dice: 0.7183 (epoch 12)

Epoch [12/200], Loss: 0.1575
Average Dice Coefficient: 0.7124
Average Jaccard Index: 0.6012
  Current learning rate: 0.000020
  Augmentation curriculum: cosine, level=0.000, target_profile=moderate
  Validation Dice: 0.7183, Jaccard: 0.6123
  Validation Loss: 0.1504, Dice Gap: -0.0059
  Best Validation Dice: 0.7183 (epoch 12)
  Patience Counter: 0/30
Model architecture saved to models/P_smp_resnet34_cls2w125/model_architecture.pth
Model weights saved to models/P_smp_resnet34_cls2w125/best_model.pth
  ✓ New best model saved by val Dice: 0.7218 (epoch 13)

Epoch [13/200], Loss: 0.1481
Average Dice Coefficient: 0.7178
Average Jaccard Index: 0.6085
  Current learning rate: 0.000020
  Augmentation curriculum: cosine, level=0.000, target_profile=moderate
  Validation Dice: 0.7218, Jaccard: 0.6141
  Validation Loss: 0.1443, Dice Gap: -0.0040
  Best Validation Dice: 0.7218 (epoch 13)
  Patience Counter: 0/30
Model architecture saved to models/P_smp_resnet34_cls2w125/model_architecture.pth
Model weights saved to models/P_smp_resnet34_cls2w125/best_model.pth
  ✓ New best model saved by val Dice: 0.7297 (epoch 14)

Epoch [14/200], Loss: 0.1402
Average Dice Coefficient: 0.7255
Average Jaccard Index: 0.6170
  Current learning rate: 0.000020
  Augmentation curriculum: cosine, level=0.000, target_profile=moderate
  Validation Dice: 0.7297, Jaccard: 0.6216
  Validation Loss: 0.1378, Dice Gap: -0.0043
  Best Validation Dice: 0.7297 (epoch 14)
  Patience Counter: 0/30
Model architecture saved to models/P_smp_resnet34_cls2w125/model_architecture.pth
Model weights saved to models/P_smp_resnet34_cls2w125/best_model.pth
  ✓ New best model saved by val Dice: 0.7340 (epoch 15)

Epoch [15/200], Loss: 0.1328
Average Dice Coefficient: 0.7299
Average Jaccard Index: 0.6220
  Current learning rate: 0.000020
  Augmentation curriculum: cosine, level=0.000, target_profile=moderate
  Validation Dice: 0.7340, Jaccard: 0.6278
  Validation Loss: 0.1302, Dice Gap: -0.0041
  Best Validation Dice: 0.7340 (epoch 15)
  Patience Counter: 0/30
  📊 GPU Memory Status: Allocated=428MB, Reserved=1278MB

Epoch [16/200], Loss: 0.1263
Average Dice Coefficient: 0.7342
Average Jaccard Index: 0.6283
  Current learning rate: 0.000020
  Augmentation curriculum: cosine, level=0.000, target_profile=moderate
  Validation Dice: 0.7199, Jaccard: 0.6154
  Validation Loss: 0.1319, Dice Gap: +0.0143
  Best Validation Dice: 0.7340 (epoch 15)
  Patience Counter: 1/30

Epoch [17/200], Loss: 0.1220
Average Dice Coefficient: 0.7396
Average Jaccard Index: 0.6337
  Current learning rate: 0.000020
  Augmentation curriculum: cosine, level=0.000, target_profile=moderate
  Validation Dice: 0.7327, Jaccard: 0.6263
  Validation Loss: 0.1245, Dice Gap: +0.0068
  Best Validation Dice: 0.7340 (epoch 15)
  Patience Counter: 2/30

Epoch [18/200], Loss: 0.1184
Average Dice Coefficient: 0.7439
Average Jaccard Index: 0.6392
  Current learning rate: 0.000020
  Augmentation curriculum: cosine, level=0.000, target_profile=moderate
  Validation Dice: 0.7329, Jaccard: 0.6292
  Validation Loss: 0.1228, Dice Gap: +0.0110
  Best Validation Dice: 0.7340 (epoch 15)
  Patience Counter: 3/30
Model architecture saved to models/P_smp_resnet34_cls2w125/model_architecture.pth
Model weights saved to models/P_smp_resnet34_cls2w125/best_model.pth
  ✓ New best model saved by val Dice: 0.7357 (epoch 19)

Epoch [19/200], Loss: 0.1157
Average Dice Coefficient: 0.7475
Average Jaccard Index: 0.6434
  Current learning rate: 0.000020
  Augmentation curriculum: cosine, level=0.000, target_profile=moderate
  Validation Dice: 0.7357, Jaccard: 0.6342
  Validation Loss: 0.1193, Dice Gap: +0.0117
  Best Validation Dice: 0.7357 (epoch 19)
  Patience Counter: 0/30

Epoch [20/200], Loss: 0.1119
Average Dice Coefficient: 0.7489
Average Jaccard Index: 0.6444
  Current learning rate: 0.000020
  Augmentation curriculum: cosine, level=0.000, target_profile=moderate
  Validation Dice: 0.7331, Jaccard: 0.6314
  Validation Loss: 0.1188, Dice Gap: +0.0158
  Best Validation Dice: 0.7357 (epoch 19)
  Patience Counter: 1/30
Model architecture saved to models/P_smp_resnet34_cls2w125/model_architecture.pth
Model weights saved to models/P_smp_resnet34_cls2w125/model_epoch_20.pth
  📊 GPU Memory Status: Allocated=428MB, Reserved=1278MB

Epoch [21/200], Loss: 0.1107
Average Dice Coefficient: 0.7531
Average Jaccard Index: 0.6488
  Current learning rate: 0.000020
  Augmentation curriculum: cosine, level=0.000, target_profile=moderate
  Validation Dice: 0.7355, Jaccard: 0.6330
  Validation Loss: 0.1189, Dice Gap: +0.0176
  Best Validation Dice: 0.7357 (epoch 19)
  Patience Counter: 2/30

Epoch [22/200], Loss: 0.1077
Average Dice Coefficient: 0.7591
Average Jaccard Index: 0.6564
  Current learning rate: 0.000019
  Augmentation curriculum: cosine, level=0.000, target_profile=moderate
  Validation Dice: 0.7320, Jaccard: 0.6324
  Validation Loss: 0.1166, Dice Gap: +0.0271
  Best Validation Dice: 0.7357 (epoch 19)
  Patience Counter: 3/30
Model architecture saved to models/P_smp_resnet34_cls2w125/model_architecture.pth
Model weights saved to models/P_smp_resnet34_cls2w125/best_model.pth
  ✓ New best model saved by val Dice: 0.7405 (epoch 23)

Epoch [23/200], Loss: 0.1070
Average Dice Coefficient: 0.7581
Average Jaccard Index: 0.6546
  Current learning rate: 0.000019
  Augmentation curriculum: cosine, level=0.000, target_profile=moderate
  Validation Dice: 0.7405, Jaccard: 0.6371
  Validation Loss: 0.1151, Dice Gap: +0.0176
  Best Validation Dice: 0.7405 (epoch 23)
  Patience Counter: 0/30
Model architecture saved to models/P_smp_resnet34_cls2w125/model_architecture.pth
Model weights saved to models/P_smp_resnet34_cls2w125/best_model.pth
  ✓ New best model saved by val Dice: 0.7424 (epoch 24)

Epoch [24/200], Loss: 0.1052
Average Dice Coefficient: 0.7598
Average Jaccard Index: 0.6575
  Current learning rate: 0.000019
  Augmentation curriculum: cosine, level=0.000, target_profile=moderate
  Validation Dice: 0.7424, Jaccard: 0.6418
  Validation Loss: 0.1142, Dice Gap: +0.0174
  Best Validation Dice: 0.7424 (epoch 24)
  Patience Counter: 0/30
Model architecture saved to models/P_smp_resnet34_cls2w125/model_architecture.pth
Model weights saved to models/P_smp_resnet34_cls2w125/best_model.pth
  ✓ New best model saved by val Dice: 0.7435 (epoch 25)

Epoch [25/200], Loss: 0.1023
Average Dice Coefficient: 0.7649
Average Jaccard Index: 0.6626
  Current learning rate: 0.000019
  Augmentation curriculum: cosine, level=0.000, target_profile=moderate
  Validation Dice: 0.7435, Jaccard: 0.6447
  Validation Loss: 0.1121, Dice Gap: +0.0214
  Best Validation Dice: 0.7435 (epoch 25)
  Patience Counter: 0/30
  📊 GPU Memory Status: Allocated=428MB, Reserved=1278MB

Epoch [26/200], Loss: 0.1023
Average Dice Coefficient: 0.7655
Average Jaccard Index: 0.6633
  Current learning rate: 0.000019
  Augmentation curriculum: cosine, level=0.000, target_profile=moderate
  Validation Dice: 0.7280, Jaccard: 0.6288
  Validation Loss: 0.1159, Dice Gap: +0.0375
  Best Validation Dice: 0.7435 (epoch 25)
  Patience Counter: 1/30

Epoch [27/200], Loss: 0.1018
Average Dice Coefficient: 0.7646
Average Jaccard Index: 0.6635
  Current learning rate: 0.000019
  Augmentation curriculum: cosine, level=0.000, target_profile=moderate
  Validation Dice: 0.7376, Jaccard: 0.6375
  Validation Loss: 0.1152, Dice Gap: +0.0269
  Best Validation Dice: 0.7435 (epoch 25)
  Patience Counter: 2/30

Epoch [28/200], Loss: 0.1002
Average Dice Coefficient: 0.7652
Average Jaccard Index: 0.6638
  Current learning rate: 0.000019
  Augmentation curriculum: cosine, level=0.000, target_profile=moderate
  Validation Dice: 0.7374, Jaccard: 0.6397
  Validation Loss: 0.1128, Dice Gap: +0.0278
  Best Validation Dice: 0.7435 (epoch 25)
  Patience Counter: 3/30

Epoch [29/200], Loss: 0.0981
Average Dice Coefficient: 0.7695
Average Jaccard Index: 0.6679
  Current learning rate: 0.000019
  Augmentation curriculum: cosine, level=0.000, target_profile=moderate
  Validation Dice: 0.7322, Jaccard: 0.6343
  Validation Loss: 0.1131, Dice Gap: +0.0372
  Best Validation Dice: 0.7435 (epoch 25)
  Patience Counter: 4/30

Epoch [30/200], Loss: 0.0977
Average Dice Coefficient: 0.7716
Average Jaccard Index: 0.6713
  Current learning rate: 0.000019
  Augmentation curriculum: cosine, level=0.001, target_profile=moderate
  Validation Dice: 0.7414, Jaccard: 0.6401
  Validation Loss: 0.1135, Dice Gap: +0.0302
  Best Validation Dice: 0.7435 (epoch 25)
  Patience Counter: 5/30
Model architecture saved to models/P_smp_resnet34_cls2w125/model_architecture.pth
Model weights saved to models/P_smp_resnet34_cls2w125/model_epoch_30.pth
  📊 GPU Memory Status: Allocated=428MB, Reserved=1278MB

Epoch [31/200], Loss: 0.0972
Average Dice Coefficient: 0.7711
Average Jaccard Index: 0.6704
  Current learning rate: 0.000019
  Augmentation curriculum: cosine, level=0.004, target_profile=moderate
  Validation Dice: 0.7402, Jaccard: 0.6407
  Validation Loss: 0.1136, Dice Gap: +0.0309
  Best Validation Dice: 0.7435 (epoch 25)
  Patience Counter: 6/30

Epoch [32/200], Loss: 0.0953
Average Dice Coefficient: 0.7747
Average Jaccard Index: 0.6747
  Current learning rate: 0.000019
  Augmentation curriculum: cosine, level=0.010, target_profile=moderate
  Validation Dice: 0.7273, Jaccard: 0.6291
  Validation Loss: 0.1145, Dice Gap: +0.0474
  Best Validation Dice: 0.7435 (epoch 25)
  Patience Counter: 7/30

Epoch [33/200], Loss: 0.0979
Average Dice Coefficient: 0.7748
Average Jaccard Index: 0.6748
  Current learning rate: 0.000019
  Augmentation curriculum: cosine, level=0.017, target_profile=moderate
  Validation Dice: 0.7318, Jaccard: 0.6341
  Validation Loss: 0.1127, Dice Gap: +0.0430
  Best Validation Dice: 0.7435 (epoch 25)
  Patience Counter: 8/30

Epoch [34/200], Loss: 0.0952
Average Dice Coefficient: 0.7759
Average Jaccard Index: 0.6757
  Current learning rate: 0.000019
  Augmentation curriculum: cosine, level=0.027, target_profile=moderate
  Validation Dice: 0.7291, Jaccard: 0.6335
  Validation Loss: 0.1177, Dice Gap: +0.0468
  Best Validation Dice: 0.7435 (epoch 25)
  Patience Counter: 9/30

Epoch [35/200], Loss: 0.0942
Average Dice Coefficient: 0.7767
Average Jaccard Index: 0.6771
  Current learning rate: 0.000019
  Augmentation curriculum: cosine, level=0.038, target_profile=moderate
  Validation Dice: 0.7358, Jaccard: 0.6333
  Validation Loss: 0.1170, Dice Gap: +0.0409
  Best Validation Dice: 0.7435 (epoch 25)
  Patience Counter: 10/30
  📊 GPU Memory Status: Allocated=428MB, Reserved=1278MB

Epoch [36/200], Loss: 0.0949
Average Dice Coefficient: 0.7741
Average Jaccard Index: 0.6748
  Current learning rate: 0.000019
  Augmentation curriculum: cosine, level=0.051, target_profile=moderate
  Validation Dice: 0.7355, Jaccard: 0.6354
  Validation Loss: 0.1132, Dice Gap: +0.0386
  Best Validation Dice: 0.7435 (epoch 25)
  Patience Counter: 11/30
Model architecture saved to models/P_smp_resnet34_cls2w125/model_architecture.pth
Model weights saved to models/P_smp_resnet34_cls2w125/best_model.pth
  ✓ New best model saved by val Dice: 0.7445 (epoch 37)

Epoch [37/200], Loss: 0.0955
Average Dice Coefficient: 0.7763
Average Jaccard Index: 0.6774
  Current learning rate: 0.000018
  Augmentation curriculum: cosine, level=0.066, target_profile=moderate
  Validation Dice: 0.7445, Jaccard: 0.6466
  Validation Loss: 0.1119, Dice Gap: +0.0319
  Best Validation Dice: 0.7445 (epoch 37)
  Patience Counter: 0/30

Epoch [38/200], Loss: 0.0940
Average Dice Coefficient: 0.7792
Average Jaccard Index: 0.6793
  Current learning rate: 0.000018
  Augmentation curriculum: cosine, level=0.082, target_profile=moderate
  Validation Dice: 0.7427, Jaccard: 0.6437
  Validation Loss: 0.1114, Dice Gap: +0.0365
  Best Validation Dice: 0.7445 (epoch 37)
  Patience Counter: 1/30

Epoch [39/200], Loss: 0.0938
Average Dice Coefficient: 0.7750
Average Jaccard Index: 0.6758
  Current learning rate: 0.000018
  Augmentation curriculum: cosine, level=0.100, target_profile=moderate
  Validation Dice: 0.7330, Jaccard: 0.6347
  Validation Loss: 0.1150, Dice Gap: +0.0420
  Best Validation Dice: 0.7445 (epoch 37)
  Patience Counter: 2/30
Model architecture saved to models/P_smp_resnet34_cls2w125/model_architecture.pth
Model weights saved to models/P_smp_resnet34_cls2w125/best_model.pth
  ✓ New best model saved by val Dice: 0.7455 (epoch 40)

Epoch [40/200], Loss: 0.0948
Average Dice Coefficient: 0.7774
Average Jaccard Index: 0.6785
  Current learning rate: 0.000018
  Augmentation curriculum: cosine, level=0.119, target_profile=moderate
  Validation Dice: 0.7455, Jaccard: 0.6443
  Validation Loss: 0.1137, Dice Gap: +0.0319
  Best Validation Dice: 0.7455 (epoch 40)
  Patience Counter: 0/30
Model architecture saved to models/P_smp_resnet34_cls2w125/model_architecture.pth
Model weights saved to models/P_smp_resnet34_cls2w125/model_epoch_40.pth
  📊 GPU Memory Status: Allocated=428MB, Reserved=1278MB

Epoch [41/200], Loss: 0.0950
Average Dice Coefficient: 0.7776
Average Jaccard Index: 0.6784
  Current learning rate: 0.000018
  Augmentation curriculum: cosine, level=0.138, target_profile=moderate
  Validation Dice: 0.7317, Jaccard: 0.6359
  Validation Loss: 0.1133, Dice Gap: +0.0459
  Best Validation Dice: 0.7455 (epoch 40)
  Patience Counter: 1/30

Epoch [42/200], Loss: 0.0934
Average Dice Coefficient: 0.7789
Average Jaccard Index: 0.6804
  Current learning rate: 0.000018
  Augmentation curriculum: cosine, level=0.158, target_profile=moderate
  Validation Dice: 0.7413, Jaccard: 0.6448
  Validation Loss: 0.1130, Dice Gap: +0.0376
  Best Validation Dice: 0.7455 (epoch 40)
  Patience Counter: 2/30

Epoch [43/200], Loss: 0.0940
Average Dice Coefficient: 0.7777
Average Jaccard Index: 0.6789
  Current learning rate: 0.000018
  Augmentation curriculum: cosine, level=0.179, target_profile=moderate
  Validation Dice: 0.7245, Jaccard: 0.6264
  Validation Loss: 0.1148, Dice Gap: +0.0532
  Best Validation Dice: 0.7455 (epoch 40)
  Patience Counter: 3/30
Model architecture saved to models/P_smp_resnet34_cls2w125/model_architecture.pth
Model weights saved to models/P_smp_resnet34_cls2w125/best_model.pth
  ✓ New best model saved by val Dice: 0.7503 (epoch 44)

Epoch [44/200], Loss: 0.0943
Average Dice Coefficient: 0.7778
Average Jaccard Index: 0.6788
  Current learning rate: 0.000018
  Augmentation curriculum: cosine, level=0.200, target_profile=moderate
  Validation Dice: 0.7503, Jaccard: 0.6506
  Validation Loss: 0.1121, Dice Gap: +0.0275
  Best Validation Dice: 0.7503 (epoch 44)
  Patience Counter: 0/30

Epoch [45/200], Loss: 0.0930
Average Dice Coefficient: 0.7781
Average Jaccard Index: 0.6796
  Current learning rate: 0.000018
  Augmentation curriculum: cosine, level=0.221, target_profile=moderate
  Validation Dice: 0.7358, Jaccard: 0.6413
  Validation Loss: 0.1134, Dice Gap: +0.0423
  Best Validation Dice: 0.7503 (epoch 44)
  Patience Counter: 1/30
  📊 GPU Memory Status: Allocated=428MB, Reserved=1278MB

Epoch [46/200], Loss: 0.0933
Average Dice Coefficient: 0.7790
Average Jaccard Index: 0.6805
  Current learning rate: 0.000018
  Augmentation curriculum: cosine, level=0.242, target_profile=moderate
  Validation Dice: 0.7327, Jaccard: 0.6345
  Validation Loss: 0.1160, Dice Gap: +0.0463
  Best Validation Dice: 0.7503 (epoch 44)
  Patience Counter: 2/30

Epoch [47/200], Loss: 0.0934
Average Dice Coefficient: 0.7812
Average Jaccard Index: 0.6831
  Current learning rate: 0.000018
  Augmentation curriculum: cosine, level=0.262, target_profile=moderate
  Validation Dice: 0.7338, Jaccard: 0.6315
  Validation Loss: 0.1176, Dice Gap: +0.0473
  Best Validation Dice: 0.7503 (epoch 44)
  Patience Counter: 3/30

Epoch [48/200], Loss: 0.0945
Average Dice Coefficient: 0.7781
Average Jaccard Index: 0.6798
  Current learning rate: 0.000017
  Augmentation curriculum: cosine, level=0.281, target_profile=moderate
  Validation Dice: 0.7299, Jaccard: 0.6326
  Validation Loss: 0.1134, Dice Gap: +0.0481
  Best Validation Dice: 0.7503 (epoch 44)
  Patience Counter: 4/30

Epoch [49/200], Loss: 0.0947
Average Dice Coefficient: 0.7769
Average Jaccard Index: 0.6791
  Current learning rate: 0.000017
  Augmentation curriculum: cosine, level=0.300, target_profile=moderate
  Validation Dice: 0.7306, Jaccard: 0.6357
  Validation Loss: 0.1162, Dice Gap: +0.0463
  Best Validation Dice: 0.7503 (epoch 44)
  Patience Counter: 5/30

Epoch [50/200], Loss: 0.0938
Average Dice Coefficient: 0.7793
Average Jaccard Index: 0.6812
  Current learning rate: 0.000017
  Augmentation curriculum: cosine, level=0.318, target_profile=moderate
  Validation Dice: 0.7421, Jaccard: 0.6443
  Validation Loss: 0.1150, Dice Gap: +0.0372
  Best Validation Dice: 0.7503 (epoch 44)
  Patience Counter: 6/30
Model architecture saved to models/P_smp_resnet34_cls2w125/model_architecture.pth
Model weights saved to models/P_smp_resnet34_cls2w125/model_epoch_50.pth
  📊 GPU Memory Status: Allocated=428MB, Reserved=1278MB

Epoch [51/200], Loss: 0.0949
Average Dice Coefficient: 0.7804
Average Jaccard Index: 0.6821
  Current learning rate: 0.000017
  Augmentation curriculum: cosine, level=0.334, target_profile=moderate
  Validation Dice: 0.7312, Jaccard: 0.6340
  Validation Loss: 0.1177, Dice Gap: +0.0492
  Best Validation Dice: 0.7503 (epoch 44)
  Patience Counter: 7/30

Epoch [52/200], Loss: 0.0937
Average Dice Coefficient: 0.7803
Average Jaccard Index: 0.6821
  Current learning rate: 0.000017
  Augmentation curriculum: cosine, level=0.349, target_profile=moderate
  Validation Dice: 0.7315, Jaccard: 0.6351
  Validation Loss: 0.1145, Dice Gap: +0.0488
  Best Validation Dice: 0.7503 (epoch 44)
  Patience Counter: 8/30

Epoch [53/200], Loss: 0.0936
Average Dice Coefficient: 0.7781
Average Jaccard Index: 0.6806
  Current learning rate: 0.000017
  Augmentation curriculum: cosine, level=0.362, target_profile=moderate
  Validation Dice: 0.7384, Jaccard: 0.6387
  Validation Loss: 0.1162, Dice Gap: +0.0397
  Best Validation Dice: 0.7503 (epoch 44)
  Patience Counter: 9/30

Epoch [54/200], Loss: 0.0941
Average Dice Coefficient: 0.7797
Average Jaccard Index: 0.6827
  Current learning rate: 0.000017
  Augmentation curriculum: cosine, level=0.373, target_profile=moderate
  Validation Dice: 0.7361, Jaccard: 0.6391
  Validation Loss: 0.1142, Dice Gap: +0.0436
  Best Validation Dice: 0.7503 (epoch 44)
  Patience Counter: 10/30

Epoch [55/200], Loss: 0.0933
Average Dice Coefficient: 0.7801
Average Jaccard Index: 0.6828
  Current learning rate: 0.000017
  Augmentation curriculum: cosine, level=0.383, target_profile=moderate
  Validation Dice: 0.7279, Jaccard: 0.6311
  Validation Loss: 0.1155, Dice Gap: +0.0522
  Best Validation Dice: 0.7503 (epoch 44)
  Patience Counter: 11/30
  📊 GPU Memory Status: Allocated=428MB, Reserved=1278MB

Epoch [56/200], Loss: 0.0946
Average Dice Coefficient: 0.7783
Average Jaccard Index: 0.6811
  Current learning rate: 0.000017
  Augmentation curriculum: cosine, level=0.390, target_profile=moderate
  Validation Dice: 0.7323, Jaccard: 0.6343
  Validation Loss: 0.1154, Dice Gap: +0.0460
  Best Validation Dice: 0.7503 (epoch 44)
  Patience Counter: 12/30

Epoch [57/200], Loss: 0.0940
Average Dice Coefficient: 0.7786
Average Jaccard Index: 0.6810
  Current learning rate: 0.000016
  Augmentation curriculum: cosine, level=0.396, target_profile=moderate
  Validation Dice: 0.7440, Jaccard: 0.6450
  Validation Loss: 0.1134, Dice Gap: +0.0346
  Best Validation Dice: 0.7503 (epoch 44)
  Patience Counter: 13/30

Epoch [58/200], Loss: 0.0927
Average Dice Coefficient: 0.7802
Average Jaccard Index: 0.6829
  Current learning rate: 0.000016
  Augmentation curriculum: cosine, level=0.399, target_profile=moderate
  Validation Dice: 0.7315, Jaccard: 0.6377
  Validation Loss: 0.1157, Dice Gap: +0.0487
  Best Validation Dice: 0.7503 (epoch 44)
  Patience Counter: 14/30

Epoch [59/200], Loss: 0.0937
Average Dice Coefficient: 0.7807
Average Jaccard Index: 0.6846
  Current learning rate: 0.000016
  Augmentation curriculum: cosine, level=0.400, target_profile=moderate
  Validation Dice: 0.7397, Jaccard: 0.6394
  Validation Loss: 0.1153, Dice Gap: +0.0410
  Best Validation Dice: 0.7503 (epoch 44)
  Patience Counter: 15/30

Epoch [60/200], Loss: 0.0930
Average Dice Coefficient: 0.7795
Average Jaccard Index: 0.6829
  Current learning rate: 0.000016
  Augmentation curriculum: cosine, level=0.400, target_profile=moderate
  Validation Dice: 0.7420, Jaccard: 0.6443
  Validation Loss: 0.1165, Dice Gap: +0.0376
  Best Validation Dice: 0.7503 (epoch 44)
  Patience Counter: 16/30
Model architecture saved to models/P_smp_resnet34_cls2w125/model_architecture.pth
Model weights saved to models/P_smp_resnet34_cls2w125/model_epoch_60.pth
  📊 GPU Memory Status: Allocated=428MB, Reserved=1278MB

Epoch [61/200], Loss: 0.0929
Average Dice Coefficient: 0.7813
Average Jaccard Index: 0.6851
  Current learning rate: 0.000016
  Augmentation curriculum: cosine, level=0.400, target_profile=moderate
  Validation Dice: 0.7421, Jaccard: 0.6459
  Validation Loss: 0.1147, Dice Gap: +0.0392
  Best Validation Dice: 0.7503 (epoch 44)
  Patience Counter: 17/30

Epoch [62/200], Loss: 0.0936
Average Dice Coefficient: 0.7858
Average Jaccard Index: 0.6888
  Current learning rate: 0.000016
  Augmentation curriculum: cosine, level=0.400, target_profile=moderate
  Validation Dice: 0.7300, Jaccard: 0.6329
  Validation Loss: 0.1148, Dice Gap: +0.0558
  Best Validation Dice: 0.7503 (epoch 44)
  Patience Counter: 18/30

Epoch [63/200], Loss: 0.0933
Average Dice Coefficient: 0.7789
Average Jaccard Index: 0.6820
  Current learning rate: 0.000016
  Augmentation curriculum: cosine, level=0.400, target_profile=moderate
  Validation Dice: 0.7387, Jaccard: 0.6445
  Validation Loss: 0.1104, Dice Gap: +0.0402
  Best Validation Dice: 0.7503 (epoch 44)
  Patience Counter: 19/30

Epoch [64/200], Loss: 0.0912
Average Dice Coefficient: 0.7851
Average Jaccard Index: 0.6895
  Current learning rate: 0.000016
  Augmentation curriculum: cosine, level=0.400, target_profile=moderate
  Validation Dice: 0.7456, Jaccard: 0.6494
  Validation Loss: 0.1126, Dice Gap: +0.0395
  Best Validation Dice: 0.7503 (epoch 44)
  Patience Counter: 20/30

Epoch [65/200], Loss: 0.0913
Average Dice Coefficient: 0.7841
Average Jaccard Index: 0.6878
  Current learning rate: 0.000015
  Augmentation curriculum: cosine, level=0.400, target_profile=moderate
  Validation Dice: 0.7402, Jaccard: 0.6395
  Validation Loss: 0.1145, Dice Gap: +0.0438
  Best Validation Dice: 0.7503 (epoch 44)
  Patience Counter: 21/30
  📊 GPU Memory Status: Allocated=428MB, Reserved=1278MB

Epoch [66/200], Loss: 0.0898
Average Dice Coefficient: 0.7866
Average Jaccard Index: 0.6911
  Current learning rate: 0.000015
  Augmentation curriculum: cosine, level=0.400, target_profile=moderate
  Validation Dice: 0.7324, Jaccard: 0.6383
  Validation Loss: 0.1132, Dice Gap: +0.0541
  Best Validation Dice: 0.7503 (epoch 44)
  Patience Counter: 22/30

Epoch [67/200], Loss: 0.0913
Average Dice Coefficient: 0.7858
Average Jaccard Index: 0.6894
  Current learning rate: 0.000015
  Augmentation curriculum: cosine, level=0.400, target_profile=moderate
  Validation Dice: 0.7429, Jaccard: 0.6474
  Validation Loss: 0.1125, Dice Gap: +0.0429
  Best Validation Dice: 0.7503 (epoch 44)
  Patience Counter: 23/30

Epoch [68/200], Loss: 0.0915
Average Dice Coefficient: 0.7849
Average Jaccard Index: 0.6884
  Current learning rate: 0.000015
  Augmentation curriculum: cosine, level=0.400, target_profile=moderate
  Validation Dice: 0.7426, Jaccard: 0.6440
  Validation Loss: 0.1123, Dice Gap: +0.0422
  Best Validation Dice: 0.7503 (epoch 44)
  Patience Counter: 24/30

Epoch [69/200], Loss: 0.0890
Average Dice Coefficient: 0.7871
Average Jaccard Index: 0.6927
  Current learning rate: 0.000015
  Augmentation curriculum: cosine, level=0.400, target_profile=moderate
  Validation Dice: 0.7330, Jaccard: 0.6383
  Validation Loss: 0.1130, Dice Gap: +0.0541
  Best Validation Dice: 0.7503 (epoch 44)
  Patience Counter: 25/30

Epoch [70/200], Loss: 0.0888
Average Dice Coefficient: 0.7882
Average Jaccard Index: 0.6924
  Current learning rate: 0.000015
  Augmentation curriculum: cosine, level=0.400, target_profile=moderate
  Validation Dice: 0.7312, Jaccard: 0.6355
  Validation Loss: 0.1153, Dice Gap: +0.0570
  Best Validation Dice: 0.7503 (epoch 44)
  Patience Counter: 26/30
Model architecture saved to models/P_smp_resnet34_cls2w125/model_architecture.pth
Model weights saved to models/P_smp_resnet34_cls2w125/model_epoch_70.pth
  📊 GPU Memory Status: Allocated=428MB, Reserved=1278MB

Epoch [71/200], Loss: 0.0919
Average Dice Coefficient: 0.7904
Average Jaccard Index: 0.6950
  Current learning rate: 0.000015
  Augmentation curriculum: cosine, level=0.400, target_profile=moderate
  Validation Dice: 0.7298, Jaccard: 0.6367
  Validation Loss: 0.1154, Dice Gap: +0.0606
  Best Validation Dice: 0.7503 (epoch 44)
  Patience Counter: 27/30

Epoch [72/200], Loss: 0.0904
Average Dice Coefficient: 0.7903
Average Jaccard Index: 0.6949
  Current learning rate: 0.000014
  Augmentation curriculum: cosine, level=0.400, target_profile=moderate
  Validation Dice: 0.7499, Jaccard: 0.6525
  Validation Loss: 0.1100, Dice Gap: +0.0404
  Best Validation Dice: 0.7503 (epoch 44)
  Patience Counter: 28/30

Epoch [73/200], Loss: 0.0885
Average Dice Coefficient: 0.7928
Average Jaccard Index: 0.6979
  Current learning rate: 0.000014
  Augmentation curriculum: cosine, level=0.400, target_profile=moderate
  Validation Dice: 0.7412, Jaccard: 0.6475
  Validation Loss: 0.1137, Dice Gap: +0.0516
  Best Validation Dice: 0.7503 (epoch 44)
  Patience Counter: 29/30

Epoch [74/200], Loss: 0.0879
Average Dice Coefficient: 0.7938
Average Jaccard Index: 0.6993
  Current learning rate: 0.000014
  Augmentation curriculum: cosine, level=0.400, target_profile=moderate
  Validation Dice: 0.7431, Jaccard: 0.6471
  Validation Loss: 0.1120, Dice Gap: +0.0507
  Best Validation Dice: 0.7503 (epoch 44)
  Patience Counter: 30/30

Epoch [75/200], Loss: 0.0901
Average Dice Coefficient: 0.7926
Average Jaccard Index: 0.6991
  Current learning rate: 0.000014
  Augmentation curriculum: cosine, level=0.400, target_profile=moderate
  Validation Dice: 0.7311, Jaccard: 0.6358
  Validation Loss: 0.1144, Dice Gap: +0.0615
  Best Validation Dice: 0.7503 (epoch 44)
  Patience Counter: 31/30
  📊 GPU Memory Status: Allocated=428MB, Reserved=1278MB

Epoch [76/200], Loss: 0.0886
Average Dice Coefficient: 0.7929
Average Jaccard Index: 0.6979
  Current learning rate: 0.000014
  Augmentation curriculum: cosine, level=0.400, target_profile=moderate
  Validation Dice: 0.7433, Jaccard: 0.6472
  Validation Loss: 0.1121, Dice Gap: +0.0496
  Best Validation Dice: 0.7503 (epoch 44)
  Patience Counter: 32/30

Epoch [77/200], Loss: 0.0886
Average Dice Coefficient: 0.7918
Average Jaccard Index: 0.6973
  Current learning rate: 0.000014
  Augmentation curriculum: cosine, level=0.400, target_profile=moderate
  Validation Dice: 0.7380, Jaccard: 0.6397
  Validation Loss: 0.1122, Dice Gap: +0.0537
  Best Validation Dice: 0.7503 (epoch 44)
  Patience Counter: 33/30

Epoch [78/200], Loss: 0.0876
Average Dice Coefficient: 0.7961
Average Jaccard Index: 0.7014
  Current learning rate: 0.000014
  Augmentation curriculum: cosine, level=0.400, target_profile=moderate
  Validation Dice: 0.7337, Jaccard: 0.6405
  Validation Loss: 0.1146, Dice Gap: +0.0624
  Best Validation Dice: 0.7503 (epoch 44)
  Patience Counter: 34/30

Epoch [79/200], Loss: 0.0901
Average Dice Coefficient: 0.7941
Average Jaccard Index: 0.7000
  Current learning rate: 0.000013
  Augmentation curriculum: cosine, level=0.400, target_profile=moderate
  Validation Dice: 0.7480, Jaccard: 0.6531
  Validation Loss: 0.1108, Dice Gap: +0.0461
  Best Validation Dice: 0.7503 (epoch 44)
  Patience Counter: 35/30
Model architecture saved to models/P_smp_resnet34_cls2w125/model_architecture.pth
Model weights saved to models/P_smp_resnet34_cls2w125/best_model.pth
  ✓ New best model saved by val Dice: 0.7517 (epoch 80)

Epoch [80/200], Loss: 0.0858
Average Dice Coefficient: 0.7973
Average Jaccard Index: 0.7034
  Current learning rate: 0.000013
  Augmentation curriculum: cosine, level=0.400, target_profile=moderate
  Validation Dice: 0.7517, Jaccard: 0.6560
  Validation Loss: 0.1086, Dice Gap: +0.0456
  Best Validation Dice: 0.7517 (epoch 80)
  Patience Counter: 0/30
Model architecture saved to models/P_smp_resnet34_cls2w125/model_architecture.pth
Model weights saved to models/P_smp_resnet34_cls2w125/model_epoch_80.pth
  📊 GPU Memory Status: Allocated=428MB, Reserved=1278MB

Epoch [81/200], Loss: 0.0865
Average Dice Coefficient: 0.7977
Average Jaccard Index: 0.7041
  Current learning rate: 0.000013
  Augmentation curriculum: cosine, level=0.400, target_profile=moderate
  Validation Dice: 0.7467, Jaccard: 0.6514
  Validation Loss: 0.1112, Dice Gap: +0.0509
  Best Validation Dice: 0.7517 (epoch 80)
  Patience Counter: 1/30

Epoch [82/200], Loss: 0.0866
Average Dice Coefficient: 0.7965
Average Jaccard Index: 0.7037
  Current learning rate: 0.000013
  Augmentation curriculum: cosine, level=0.400, target_profile=moderate
  Validation Dice: 0.7493, Jaccard: 0.6519
  Validation Loss: 0.1099, Dice Gap: +0.0471
  Best Validation Dice: 0.7517 (epoch 80)
  Patience Counter: 2/30

Epoch [83/200], Loss: 0.0851
Average Dice Coefficient: 0.8004
Average Jaccard Index: 0.7075
  Current learning rate: 0.000013
  Augmentation curriculum: cosine, level=0.400, target_profile=moderate
  Validation Dice: 0.7427, Jaccard: 0.6489
  Validation Loss: 0.1116, Dice Gap: +0.0577
  Best Validation Dice: 0.7517 (epoch 80)
  Patience Counter: 3/30

Epoch [84/200], Loss: 0.0876
Average Dice Coefficient: 0.7997
Average Jaccard Index: 0.7064
  Current learning rate: 0.000013
  Augmentation curriculum: cosine, level=0.400, target_profile=moderate
  Validation Dice: 0.7452, Jaccard: 0.6503
  Validation Loss: 0.1114, Dice Gap: +0.0545
  Best Validation Dice: 0.7517 (epoch 80)
  Patience Counter: 4/30

Epoch [85/200], Loss: 0.0845
Average Dice Coefficient: 0.8027
Average Jaccard Index: 0.7101
  Current learning rate: 0.000013
  Augmentation curriculum: cosine, level=0.400, target_profile=moderate
  Validation Dice: 0.7369, Jaccard: 0.6423
  Validation Loss: 0.1127, Dice Gap: +0.0658
  Best Validation Dice: 0.7517 (epoch 80)
  Patience Counter: 5/30
  📊 GPU Memory Status: Allocated=428MB, Reserved=1278MB

Epoch [86/200], Loss: 0.0846
Average Dice Coefficient: 0.8020
Average Jaccard Index: 0.7091
  Current learning rate: 0.000012
  Augmentation curriculum: cosine, level=0.400, target_profile=moderate
  Validation Dice: 0.7406, Jaccard: 0.6442
  Validation Loss: 0.1130, Dice Gap: +0.0614
  Best Validation Dice: 0.7517 (epoch 80)
  Patience Counter: 6/30

Epoch [87/200], Loss: 0.0852
Average Dice Coefficient: 0.8029
Average Jaccard Index: 0.7102
  Current learning rate: 0.000012
  Augmentation curriculum: cosine, level=0.400, target_profile=moderate
  Validation Dice: 0.7420, Jaccard: 0.6492
  Validation Loss: 0.1134, Dice Gap: +0.0610
  Best Validation Dice: 0.7517 (epoch 80)
  Patience Counter: 7/30

Epoch [88/200], Loss: 0.0843
Average Dice Coefficient: 0.8033
Average Jaccard Index: 0.7116
  Current learning rate: 0.000012
  Augmentation curriculum: cosine, level=0.400, target_profile=moderate
  Validation Dice: 0.7373, Jaccard: 0.6421
  Validation Loss: 0.1140, Dice Gap: +0.0660
  Best Validation Dice: 0.7517 (epoch 80)
  Patience Counter: 8/30

Epoch [89/200], Loss: 0.0849
Average Dice Coefficient: 0.8042
Average Jaccard Index: 0.7123
  Current learning rate: 0.000012
  Augmentation curriculum: cosine, level=0.400, target_profile=moderate
  Validation Dice: 0.7458, Jaccard: 0.6494
  Validation Loss: 0.1129, Dice Gap: +0.0585
  Best Validation Dice: 0.7517 (epoch 80)
  Patience Counter: 9/30

Epoch [90/200], Loss: 0.0850
Average Dice Coefficient: 0.8073
Average Jaccard Index: 0.7151
  Current learning rate: 0.000012
  Augmentation curriculum: cosine, level=0.400, target_profile=moderate
  Validation Dice: 0.7426, Jaccard: 0.6446
  Validation Loss: 0.1131, Dice Gap: +0.0647
  Best Validation Dice: 0.7517 (epoch 80)
  Patience Counter: 10/30
Model architecture saved to models/P_smp_resnet34_cls2w125/model_architecture.pth
Model weights saved to models/P_smp_resnet34_cls2w125/model_epoch_90.pth
  📊 GPU Memory Status: Allocated=428MB, Reserved=1278MB

Epoch [91/200], Loss: 0.0820
Average Dice Coefficient: 0.8080
Average Jaccard Index: 0.7168
  Current learning rate: 0.000012
  Augmentation curriculum: cosine, level=0.400, target_profile=moderate
  Validation Dice: 0.7376, Jaccard: 0.6463
  Validation Loss: 0.1151, Dice Gap: +0.0704
  Best Validation Dice: 0.7517 (epoch 80)
  Patience Counter: 11/30

Epoch [92/200], Loss: 0.0833
Average Dice Coefficient: 0.8080
Average Jaccard Index: 0.7164
  Current learning rate: 0.000011
  Augmentation curriculum: cosine, level=0.400, target_profile=moderate
  Validation Dice: 0.7276, Jaccard: 0.6365
  Validation Loss: 0.1141, Dice Gap: +0.0804
  Best Validation Dice: 0.7517 (epoch 80)
  Patience Counter: 12/30

Epoch [93/200], Loss: 0.0841
Average Dice Coefficient: 0.8074
Average Jaccard Index: 0.7173
  Current learning rate: 0.000011
  Augmentation curriculum: cosine, level=0.400, target_profile=moderate
  Validation Dice: 0.7373, Jaccard: 0.6429
  Validation Loss: 0.1153, Dice Gap: +0.0702
  Best Validation Dice: 0.7517 (epoch 80)
  Patience Counter: 13/30

Epoch [94/200], Loss: 0.0835
Average Dice Coefficient: 0.8094
Average Jaccard Index: 0.7183
  Current learning rate: 0.000011
  Augmentation curriculum: cosine, level=0.400, target_profile=moderate
  Validation Dice: 0.7424, Jaccard: 0.6491
  Validation Loss: 0.1129, Dice Gap: +0.0670
  Best Validation Dice: 0.7517 (epoch 80)
  Patience Counter: 14/30

Epoch [95/200], Loss: 0.0825
Average Dice Coefficient: 0.8081
Average Jaccard Index: 0.7172
  Current learning rate: 0.000011
  Augmentation curriculum: cosine, level=0.400, target_profile=moderate
  Validation Dice: 0.7454, Jaccard: 0.6531
  Validation Loss: 0.1117, Dice Gap: +0.0627
  Best Validation Dice: 0.7517 (epoch 80)
  Patience Counter: 15/30
  📊 GPU Memory Status: Allocated=428MB, Reserved=1278MB

Epoch [96/200], Loss: 0.0819
Average Dice Coefficient: 0.8107
Average Jaccard Index: 0.7209
  Current learning rate: 0.000011
  Augmentation curriculum: cosine, level=0.400, target_profile=moderate
  Validation Dice: 0.7431, Jaccard: 0.6484
  Validation Loss: 0.1132, Dice Gap: +0.0677
  Best Validation Dice: 0.7517 (epoch 80)
  Patience Counter: 16/30

Epoch [97/200], Loss: 0.0815
Average Dice Coefficient: 0.8126
Average Jaccard Index: 0.7220
  Current learning rate: 0.000011
  Augmentation curriculum: cosine, level=0.400, target_profile=moderate
  Validation Dice: 0.7448, Jaccard: 0.6480
  Validation Loss: 0.1145, Dice Gap: +0.0678
  Best Validation Dice: 0.7517 (epoch 80)
  Patience Counter: 17/30

Epoch [98/200], Loss: 0.0816
Average Dice Coefficient: 0.8108
Average Jaccard Index: 0.7211
  Current learning rate: 0.000011
  Augmentation curriculum: cosine, level=0.400, target_profile=moderate
  Validation Dice: 0.7471, Jaccard: 0.6531
  Validation Loss: 0.1115, Dice Gap: +0.0637
  Best Validation Dice: 0.7517 (epoch 80)
  Patience Counter: 18/30

Epoch [99/200], Loss: 0.0819
Average Dice Coefficient: 0.8144
Average Jaccard Index: 0.7249
  Current learning rate: 0.000010
  Augmentation curriculum: cosine, level=0.400, target_profile=moderate
  Validation Dice: 0.7450, Jaccard: 0.6540
  Validation Loss: 0.1093, Dice Gap: +0.0693
  Best Validation Dice: 0.7517 (epoch 80)
  Patience Counter: 19/30

Epoch [100/200], Loss: 0.0797
Average Dice Coefficient: 0.8164
Average Jaccard Index: 0.7272
  Current learning rate: 0.000010
  Augmentation curriculum: cosine, level=0.400, target_profile=moderate
  Validation Dice: 0.7425, Jaccard: 0.6509
  Validation Loss: 0.1128, Dice Gap: +0.0739
  Best Validation Dice: 0.7517 (epoch 80)
  Patience Counter: 20/30
Model architecture saved to models/P_smp_resnet34_cls2w125/model_architecture.pth
Model weights saved to models/P_smp_resnet34_cls2w125/model_epoch_100.pth
  📊 GPU Memory Status: Allocated=428MB, Reserved=1278MB

Epoch [101/200], Loss: 0.0805
Average Dice Coefficient: 0.8158
Average Jaccard Index: 0.7259
  Current learning rate: 0.000010
  Augmentation curriculum: cosine, level=0.400, target_profile=moderate
  Validation Dice: 0.7489, Jaccard: 0.6528
  Validation Loss: 0.1122, Dice Gap: +0.0669
  Best Validation Dice: 0.7517 (epoch 80)
  Patience Counter: 21/30

Epoch [102/200], Loss: 0.0787
Average Dice Coefficient: 0.8165
Average Jaccard Index: 0.7284
  Current learning rate: 0.000010
  Augmentation curriculum: cosine, level=0.400, target_profile=moderate
  Validation Dice: 0.7418, Jaccard: 0.6464
  Validation Loss: 0.1144, Dice Gap: +0.0747
  Best Validation Dice: 0.7517 (epoch 80)
  Patience Counter: 22/30

Epoch [103/200], Loss: 0.0804
Average Dice Coefficient: 0.8139
Average Jaccard Index: 0.7254
  Current learning rate: 0.000010
  Augmentation curriculum: cosine, level=0.400, target_profile=moderate
  Validation Dice: 0.7437, Jaccard: 0.6495
  Validation Loss: 0.1113, Dice Gap: +0.0702
  Best Validation Dice: 0.7517 (epoch 80)
  Patience Counter: 23/30

Epoch [104/200], Loss: 0.0802
Average Dice Coefficient: 0.8163
Average Jaccard Index: 0.7280
  Current learning rate: 0.000010
  Augmentation curriculum: cosine, level=0.400, target_profile=moderate
  Validation Dice: 0.7508, Jaccard: 0.6587
  Validation Loss: 0.1087, Dice Gap: +0.0655
  Best Validation Dice: 0.7517 (epoch 80)
  Patience Counter: 24/30

Epoch [105/200], Loss: 0.0784
Average Dice Coefficient: 0.8192
Average Jaccard Index: 0.7315
  Current learning rate: 0.000009
  Augmentation curriculum: cosine, level=0.400, target_profile=moderate
  Validation Dice: 0.7463, Jaccard: 0.6536
  Validation Loss: 0.1129, Dice Gap: +0.0729
  Best Validation Dice: 0.7517 (epoch 80)
  Patience Counter: 25/30
  📊 GPU Memory Status: Allocated=428MB, Reserved=1278MB

Epoch [106/200], Loss: 0.0796
Average Dice Coefficient: 0.8242
Average Jaccard Index: 0.7367
  Current learning rate: 0.000009
  Augmentation curriculum: cosine, level=0.400, target_profile=moderate
  Validation Dice: 0.7453, Jaccard: 0.6529
  Validation Loss: 0.1115, Dice Gap: +0.0789
  Best Validation Dice: 0.7517 (epoch 80)
  Patience Counter: 26/30

Epoch [107/200], Loss: 0.0775
Average Dice Coefficient: 0.8243
Average Jaccard Index: 0.7365
  Current learning rate: 0.000009
  Augmentation curriculum: cosine, level=0.400, target_profile=moderate
  Validation Dice: 0.7401, Jaccard: 0.6471
  Validation Loss: 0.1138, Dice Gap: +0.0842
  Best Validation Dice: 0.7517 (epoch 80)
  Patience Counter: 27/30

Epoch [108/200], Loss: 0.0782
Average Dice Coefficient: 0.8231
Average Jaccard Index: 0.7357
  Current learning rate: 0.000009
  Augmentation curriculum: cosine, level=0.400, target_profile=moderate
  Validation Dice: 0.7412, Jaccard: 0.6455
  Validation Loss: 0.1134, Dice Gap: +0.0819
  Best Validation Dice: 0.7517 (epoch 80)
  Patience Counter: 28/30

Epoch [109/200], Loss: 0.0793
Average Dice Coefficient: 0.8205
Average Jaccard Index: 0.7332
  Current learning rate: 0.000009
  Augmentation curriculum: cosine, level=0.400, target_profile=moderate
  Validation Dice: 0.7340, Jaccard: 0.6446
  Validation Loss: 0.1153, Dice Gap: +0.0865
  Best Validation Dice: 0.7517 (epoch 80)
  Patience Counter: 29/30

Epoch [110/200], Loss: 0.0776
Average Dice Coefficient: 0.8258
Average Jaccard Index: 0.7387
  Current learning rate: 0.000009
  Augmentation curriculum: cosine, level=0.400, target_profile=moderate
  Validation Dice: 0.7491, Jaccard: 0.6566
  Validation Loss: 0.1108, Dice Gap: +0.0767
  Best Validation Dice: 0.7517 (epoch 80)
  Patience Counter: 30/30
Model architecture saved to models/P_smp_resnet34_cls2w125/model_architecture.pth
Model weights saved to models/P_smp_resnet34_cls2w125/model_epoch_110.pth

⚠️  Early stopping triggered after 30 epochs without val Dice improvement.
Best validation Dice: 0.7517 at epoch 80

Training complete.
Final Dice: 0.7491
Final Jaccard: 0.6566
Best Validation Dice: 0.7517 at epoch 80
Training summary saved to 'runs/logs/P_smp_resnet34_cls2w125/summary.json'
  ⚠ Warning: Failed to record final metrics: value should be one of int, float, str, bool, or torch.Tensor
Training history saved to 'runs/logs/P_smp_resnet34_cls2w125/training_history.npy'
------------------------------------------------------------
Training complete!

Saving final model to models/P_smp_resnet34_cls2w125/
Model architecture saved to models/P_smp_resnet34_cls2w125/model_architecture.pth
Model weights saved to models/P_smp_resnet34_cls2w125/model.pth
