nohup: ignoring input
============================================================
MultiResUNet Training Configuration
============================================================
Data Limit: None samples
Validation Split: 10.0%
Scale Enabled: True
Scale Factor: 0.75 (75%)
Input Channels: 3
Output Channels: 4
Model Architecture: multiresunet
Epochs: 120
Batch Size: 16
Learning Rate: 2e-05
Gradient Clipping: 0.5
Weight Decay: 0.0002
Device: cuda
Debug Mode: False
Data Validation: False
TensorBoard: True
Log Directory: runs/logs/C_scale075_l04_cls2w11_os20
TensorBoard Image Interval: 5
TensorBoard Image Samples: 4
Num Workers: 4
Prefetch Factor: 2
Repeat Factor: 1
Oversample Classes: [2]
Oversample Factor: 2.0
Train Augmentation: True
Validation Augmentation: False
Augmentation Strength: mild
Augmentation Curriculum: cosine
Curriculum: start=E40, ramp=35, max_level=0.4, target=moderate
Early Stopping Patience: 20
Early Stopping Min Delta: 0.0
Early Stopping Min Epochs: 90
Class Weights: [1.0, 1.0, 1.1, 1.0]
Dropout Rate: 0.2
Validation TTA: none
Random Seed: 42
============================================================
Using device: cuda
GPU Memory: 47.7 GB


TensorBoard logs will be saved to: runs/logs/C_scale075_l04_cls2w11_os20

Loading data...
Using memory-efficient dataset loading (recommended for large datasets)...
Class oversampling: classes=[2], factor=2.0, matched=1556, training samples after oversampling=8711
Total samples: 7950
Training samples: 7155
Validation samples: 795
  Scale factor: 75%
Effective training samples: 8711
Dataset created with 8711 samples
  Scale enabled: 75%
  Augmentation: Enabled
  Augmentation strength: mild
Dataset created with 795 samples
  Scale enabled: 75%
  Augmentation: Disabled
✓ Training samples: 8711
✓ Validation samples: 795
✓ Memory usage: Minimal (data loaded batch-by-batch)
✓ Optimized DataLoader config:
  - workers=4 (auto-tuned from 4)
  - prefetch=2
  - persistent_workers=False (memory-safe)
  - pin_memory=True (GPU transfer optimization)

Initializing model...
Model architecture: MultiResUNet
  Input: 3 channels
  Output: 4 channels

Starting training...
------------------------------------------------------------

Using Combined Loss (BCE/Focal + Dice)
  BCE/Focal weight: 0.7
  Dice weight: 0.3
  Class weights: [1.0, 1.0, 1.1, 1.0]
Training config saved to 'runs/logs/C_scale075_l04_cls2w11_os20/config.json'

✓ TensorBoard logging enabled at: runs/logs/C_scale075_l04_cls2w11_os20
  ✓ Configuration recorded
Model architecture saved to models/C_scale075_l04_cls2w11_os20/model_architecture.pth
Model weights saved to models/C_scale075_l04_cls2w11_os20/best_model.pth
  ✓ New best model saved by val Dice: 0.1745 (epoch 1)

Epoch [1/120], Loss: 0.7888
Average Dice Coefficient: 0.0852
Average Jaccard Index: 0.0463
  Current learning rate: 0.000020
  Augmentation curriculum: cosine, level=0.000, target_profile=moderate
  Validation Dice: 0.1745, Jaccard: 0.1010
  Validation Loss: 0.7679, Dice Gap: -0.0893
  Best Validation Dice: 0.1745 (epoch 1)
  Patience Counter: 0/20
Model architecture saved to models/C_scale075_l04_cls2w11_os20/model_architecture.pth
Model weights saved to models/C_scale075_l04_cls2w11_os20/best_model.pth
  ✓ New best model saved by val Dice: 0.2915 (epoch 2)

Epoch [2/120], Loss: 0.7637
Average Dice Coefficient: 0.1502
Average Jaccard Index: 0.0860
  Current learning rate: 0.000020
  Augmentation curriculum: cosine, level=0.000, target_profile=moderate
  Validation Dice: 0.2915, Jaccard: 0.1809
  Validation Loss: 0.7514, Dice Gap: -0.1413
  Best Validation Dice: 0.2915 (epoch 2)
  Patience Counter: 0/20
Model architecture saved to models/C_scale075_l04_cls2w11_os20/model_architecture.pth
Model weights saved to models/C_scale075_l04_cls2w11_os20/best_model.pth
  ✓ New best model saved by val Dice: 0.3580 (epoch 3)

Epoch [3/120], Loss: 0.7509
Average Dice Coefficient: 0.2104
Average Jaccard Index: 0.1260
  Current learning rate: 0.000020
  Augmentation curriculum: cosine, level=0.000, target_profile=moderate
  Validation Dice: 0.3580, Jaccard: 0.2331
  Validation Loss: 0.7390, Dice Gap: -0.1476
  Best Validation Dice: 0.3580 (epoch 3)
  Patience Counter: 0/20
Model architecture saved to models/C_scale075_l04_cls2w11_os20/model_architecture.pth
Model weights saved to models/C_scale075_l04_cls2w11_os20/best_model.pth
  ✓ New best model saved by val Dice: 0.3962 (epoch 4)

Epoch [4/120], Loss: 0.7431
Average Dice Coefficient: 0.2534
Average Jaccard Index: 0.1564
  Current learning rate: 0.000020
  Augmentation curriculum: cosine, level=0.000, target_profile=moderate
  Validation Dice: 0.3962, Jaccard: 0.2643
  Validation Loss: 0.7288, Dice Gap: -0.1428
  Best Validation Dice: 0.3962 (epoch 4)
  Patience Counter: 0/20
Model architecture saved to models/C_scale075_l04_cls2w11_os20/model_architecture.pth
Model weights saved to models/C_scale075_l04_cls2w11_os20/best_model.pth
  ✓ New best model saved by val Dice: 0.4554 (epoch 5)

Epoch [5/120], Loss: 0.7376
Average Dice Coefficient: 0.2796
Average Jaccard Index: 0.1748
  Current learning rate: 0.000020
  Augmentation curriculum: cosine, level=0.000, target_profile=moderate
  Validation Dice: 0.4554, Jaccard: 0.3180
  Validation Loss: 0.7211, Dice Gap: -0.1759
  Best Validation Dice: 0.4554 (epoch 5)
  Patience Counter: 0/20
  📊 GPU Memory Status: Allocated=232MB, Reserved=2670MB

Epoch [6/120], Loss: 0.7313
Average Dice Coefficient: 0.3029
Average Jaccard Index: 0.1921
  Current learning rate: 0.000020
  Augmentation curriculum: cosine, level=0.000, target_profile=moderate
  Validation Dice: 0.4395, Jaccard: 0.3013
  Validation Loss: 0.7228, Dice Gap: -0.1366
  Best Validation Dice: 0.4554 (epoch 5)
  Patience Counter: 1/20

Epoch [7/120], Loss: 0.7268
Average Dice Coefficient: 0.3225
Average Jaccard Index: 0.2070
  Current learning rate: 0.000020
  Augmentation curriculum: cosine, level=0.000, target_profile=moderate
  Validation Dice: 0.4497, Jaccard: 0.3105
  Validation Loss: 0.7261, Dice Gap: -0.1271
  Best Validation Dice: 0.4554 (epoch 5)
  Patience Counter: 2/20
Model architecture saved to models/C_scale075_l04_cls2w11_os20/model_architecture.pth
Model weights saved to models/C_scale075_l04_cls2w11_os20/best_model.pth
  ✓ New best model saved by val Dice: 0.5112 (epoch 8)

Epoch [8/120], Loss: 0.7218
Average Dice Coefficient: 0.3419
Average Jaccard Index: 0.2223
  Current learning rate: 0.000020
  Augmentation curriculum: cosine, level=0.000, target_profile=moderate
  Validation Dice: 0.5112, Jaccard: 0.3705
  Validation Loss: 0.7046, Dice Gap: -0.1693
  Best Validation Dice: 0.5112 (epoch 8)
  Patience Counter: 0/20
Model architecture saved to models/C_scale075_l04_cls2w11_os20/model_architecture.pth
Model weights saved to models/C_scale075_l04_cls2w11_os20/best_model.pth
  ✓ New best model saved by val Dice: 0.5215 (epoch 9)

Epoch [9/120], Loss: 0.7171
Average Dice Coefficient: 0.3589
Average Jaccard Index: 0.2354
  Current learning rate: 0.000020
  Augmentation curriculum: cosine, level=0.000, target_profile=moderate
  Validation Dice: 0.5215, Jaccard: 0.3820
  Validation Loss: 0.7091, Dice Gap: -0.1626
  Best Validation Dice: 0.5215 (epoch 9)
  Patience Counter: 0/20
Model architecture saved to models/C_scale075_l04_cls2w11_os20/model_architecture.pth
Model weights saved to models/C_scale075_l04_cls2w11_os20/best_model.pth
  ✓ New best model saved by val Dice: 0.5353 (epoch 10)

Epoch [10/120], Loss: 0.7126
Average Dice Coefficient: 0.3718
Average Jaccard Index: 0.2461
  Current learning rate: 0.000020
  Augmentation curriculum: cosine, level=0.000, target_profile=moderate
  Validation Dice: 0.5353, Jaccard: 0.3950
  Validation Loss: 0.7030, Dice Gap: -0.1636
  Best Validation Dice: 0.5353 (epoch 10)
  Patience Counter: 0/20
Model architecture saved to models/C_scale075_l04_cls2w11_os20/model_architecture.pth
Model weights saved to models/C_scale075_l04_cls2w11_os20/model_epoch_10.pth
  📊 GPU Memory Status: Allocated=232MB, Reserved=2670MB
Model architecture saved to models/C_scale075_l04_cls2w11_os20/model_architecture.pth
Model weights saved to models/C_scale075_l04_cls2w11_os20/best_model.pth
  ✓ New best model saved by val Dice: 0.5512 (epoch 11)

Epoch [11/120], Loss: 0.7085
Average Dice Coefficient: 0.3843
Average Jaccard Index: 0.2564
  Current learning rate: 0.000020
  Augmentation curriculum: cosine, level=0.000, target_profile=moderate
  Validation Dice: 0.5512, Jaccard: 0.4087
  Validation Loss: 0.6964, Dice Gap: -0.1669
  Best Validation Dice: 0.5512 (epoch 11)
  Patience Counter: 0/20

Epoch [12/120], Loss: 0.7043
Average Dice Coefficient: 0.3991
Average Jaccard Index: 0.2686
  Current learning rate: 0.000020
  Augmentation curriculum: cosine, level=0.000, target_profile=moderate
  Validation Dice: 0.5499, Jaccard: 0.4080
  Validation Loss: 0.6942, Dice Gap: -0.1508
  Best Validation Dice: 0.5512 (epoch 11)
  Patience Counter: 1/20
Model architecture saved to models/C_scale075_l04_cls2w11_os20/model_architecture.pth
Model weights saved to models/C_scale075_l04_cls2w11_os20/best_model.pth
  ✓ New best model saved by val Dice: 0.5748 (epoch 13)

Epoch [13/120], Loss: 0.7000
Average Dice Coefficient: 0.4096
Average Jaccard Index: 0.2778
  Current learning rate: 0.000020
  Augmentation curriculum: cosine, level=0.000, target_profile=moderate
  Validation Dice: 0.5748, Jaccard: 0.4346
  Validation Loss: 0.6821, Dice Gap: -0.1652
  Best Validation Dice: 0.5748 (epoch 13)
  Patience Counter: 0/20

Epoch [14/120], Loss: 0.6962
Average Dice Coefficient: 0.4210
Average Jaccard Index: 0.2878
  Current learning rate: 0.000019
  Augmentation curriculum: cosine, level=0.000, target_profile=moderate
  Validation Dice: 0.5502, Jaccard: 0.4091
  Validation Loss: 0.6909, Dice Gap: -0.1292
  Best Validation Dice: 0.5748 (epoch 13)
  Patience Counter: 1/20

Epoch [15/120], Loss: 0.6917
Average Dice Coefficient: 0.4337
Average Jaccard Index: 0.2986
  Current learning rate: 0.000019
  Augmentation curriculum: cosine, level=0.000, target_profile=moderate
  Validation Dice: 0.5731, Jaccard: 0.4326
  Validation Loss: 0.6787, Dice Gap: -0.1394
  Best Validation Dice: 0.5748 (epoch 13)
  Patience Counter: 2/20
  📊 GPU Memory Status: Allocated=232MB, Reserved=2670MB

Epoch [16/120], Loss: 0.6880
Average Dice Coefficient: 0.4419
Average Jaccard Index: 0.3061
  Current learning rate: 0.000019
  Augmentation curriculum: cosine, level=0.000, target_profile=moderate
  Validation Dice: 0.5563, Jaccard: 0.4156
  Validation Loss: 0.6836, Dice Gap: -0.1144
  Best Validation Dice: 0.5748 (epoch 13)
  Patience Counter: 3/20
Model architecture saved to models/C_scale075_l04_cls2w11_os20/model_architecture.pth
Model weights saved to models/C_scale075_l04_cls2w11_os20/best_model.pth
  ✓ New best model saved by val Dice: 0.5775 (epoch 17)

Epoch [17/120], Loss: 0.6842
Average Dice Coefficient: 0.4527
Average Jaccard Index: 0.3166
  Current learning rate: 0.000019
  Augmentation curriculum: cosine, level=0.000, target_profile=moderate
  Validation Dice: 0.5775, Jaccard: 0.4392
  Validation Loss: 0.6898, Dice Gap: -0.1248
  Best Validation Dice: 0.5775 (epoch 17)
  Patience Counter: 0/20
Model architecture saved to models/C_scale075_l04_cls2w11_os20/model_architecture.pth
Model weights saved to models/C_scale075_l04_cls2w11_os20/best_model.pth
  ✓ New best model saved by val Dice: 0.6083 (epoch 18)

Epoch [18/120], Loss: 0.6802
Average Dice Coefficient: 0.4618
Average Jaccard Index: 0.3247
  Current learning rate: 0.000019
  Augmentation curriculum: cosine, level=0.000, target_profile=moderate
  Validation Dice: 0.6083, Jaccard: 0.4719
  Validation Loss: 0.6670, Dice Gap: -0.1464
  Best Validation Dice: 0.6083 (epoch 18)
  Patience Counter: 0/20

Epoch [19/120], Loss: 0.6765
Average Dice Coefficient: 0.4714
Average Jaccard Index: 0.3335
  Current learning rate: 0.000019
  Augmentation curriculum: cosine, level=0.000, target_profile=moderate
  Validation Dice: 0.6068, Jaccard: 0.4703
  Validation Loss: 0.6656, Dice Gap: -0.1354
  Best Validation Dice: 0.6083 (epoch 18)
  Patience Counter: 1/20

Epoch [20/120], Loss: 0.6731
Average Dice Coefficient: 0.4770
Average Jaccard Index: 0.3391
  Current learning rate: 0.000019
  Augmentation curriculum: cosine, level=0.000, target_profile=moderate
  Validation Dice: 0.5657, Jaccard: 0.4282
  Validation Loss: 0.6649, Dice Gap: -0.0887
  Best Validation Dice: 0.6083 (epoch 18)
  Patience Counter: 2/20
Model architecture saved to models/C_scale075_l04_cls2w11_os20/model_architecture.pth
Model weights saved to models/C_scale075_l04_cls2w11_os20/model_epoch_20.pth
  📊 GPU Memory Status: Allocated=232MB, Reserved=2670MB

Epoch [21/120], Loss: 0.6693
Average Dice Coefficient: 0.4864
Average Jaccard Index: 0.3478
  Current learning rate: 0.000019
  Augmentation curriculum: cosine, level=0.000, target_profile=moderate
  Validation Dice: 0.5931, Jaccard: 0.4594
  Validation Loss: 0.6605, Dice Gap: -0.1067
  Best Validation Dice: 0.6083 (epoch 18)
  Patience Counter: 3/20

Epoch [22/120], Loss: 0.6662
Average Dice Coefficient: 0.4928
Average Jaccard Index: 0.3549
  Current learning rate: 0.000019
  Augmentation curriculum: cosine, level=0.000, target_profile=moderate
  Validation Dice: 0.6043, Jaccard: 0.4685
  Validation Loss: 0.6557, Dice Gap: -0.1114
  Best Validation Dice: 0.6083 (epoch 18)
  Patience Counter: 4/20

Epoch [23/120], Loss: 0.6624
Average Dice Coefficient: 0.5029
Average Jaccard Index: 0.3640
  Current learning rate: 0.000018
  Augmentation curriculum: cosine, level=0.000, target_profile=moderate
  Validation Dice: 0.6057, Jaccard: 0.4663
  Validation Loss: 0.6553, Dice Gap: -0.1029
  Best Validation Dice: 0.6083 (epoch 18)
  Patience Counter: 5/20
Model architecture saved to models/C_scale075_l04_cls2w11_os20/model_architecture.pth
Model weights saved to models/C_scale075_l04_cls2w11_os20/best_model.pth
  ✓ New best model saved by val Dice: 0.6128 (epoch 24)

Epoch [24/120], Loss: 0.6591
Average Dice Coefficient: 0.5095
Average Jaccard Index: 0.3706
  Current learning rate: 0.000018
  Augmentation curriculum: cosine, level=0.000, target_profile=moderate
  Validation Dice: 0.6128, Jaccard: 0.4768
  Validation Loss: 0.6533, Dice Gap: -0.1032
  Best Validation Dice: 0.6128 (epoch 24)
  Patience Counter: 0/20
Model architecture saved to models/C_scale075_l04_cls2w11_os20/model_architecture.pth
Model weights saved to models/C_scale075_l04_cls2w11_os20/best_model.pth
  ✓ New best model saved by val Dice: 0.6211 (epoch 25)

Epoch [25/120], Loss: 0.6554
Average Dice Coefficient: 0.5147
Average Jaccard Index: 0.3763
  Current learning rate: 0.000018
  Augmentation curriculum: cosine, level=0.000, target_profile=moderate
  Validation Dice: 0.6211, Jaccard: 0.4881
  Validation Loss: 0.6468, Dice Gap: -0.1064
  Best Validation Dice: 0.6211 (epoch 25)
  Patience Counter: 0/20
  📊 GPU Memory Status: Allocated=232MB, Reserved=2670MB

Epoch [26/120], Loss: 0.6526
Average Dice Coefficient: 0.5256
Average Jaccard Index: 0.3866
  Current learning rate: 0.000018
  Augmentation curriculum: cosine, level=0.000, target_profile=moderate
  Validation Dice: 0.6063, Jaccard: 0.4738
  Validation Loss: 0.6470, Dice Gap: -0.0806
  Best Validation Dice: 0.6211 (epoch 25)
  Patience Counter: 1/20

Epoch [27/120], Loss: 0.6495
Average Dice Coefficient: 0.5280
Average Jaccard Index: 0.3893
  Current learning rate: 0.000018
  Augmentation curriculum: cosine, level=0.000, target_profile=moderate
  Validation Dice: 0.6154, Jaccard: 0.4791
  Validation Loss: 0.6419, Dice Gap: -0.0874
  Best Validation Dice: 0.6211 (epoch 25)
  Patience Counter: 2/20

Epoch [28/120], Loss: 0.6461
Average Dice Coefficient: 0.5365
Average Jaccard Index: 0.3976
  Current learning rate: 0.000018
  Augmentation curriculum: cosine, level=0.000, target_profile=moderate
  Validation Dice: 0.5965, Jaccard: 0.4606
  Validation Loss: 0.6545, Dice Gap: -0.0600
  Best Validation Dice: 0.6211 (epoch 25)
  Patience Counter: 3/20

Epoch [29/120], Loss: 0.6432
Average Dice Coefficient: 0.5406
Average Jaccard Index: 0.4028
  Current learning rate: 0.000017
  Augmentation curriculum: cosine, level=0.000, target_profile=moderate
  Validation Dice: 0.6162, Jaccard: 0.4783
  Validation Loss: 0.6426, Dice Gap: -0.0756
  Best Validation Dice: 0.6211 (epoch 25)
  Patience Counter: 4/20
Model architecture saved to models/C_scale075_l04_cls2w11_os20/model_architecture.pth
Model weights saved to models/C_scale075_l04_cls2w11_os20/best_model.pth
  ✓ New best model saved by val Dice: 0.6260 (epoch 30)

Epoch [30/120], Loss: 0.6401
Average Dice Coefficient: 0.5502
Average Jaccard Index: 0.4115
  Current learning rate: 0.000017
  Augmentation curriculum: cosine, level=0.000, target_profile=moderate
  Validation Dice: 0.6260, Jaccard: 0.4913
  Validation Loss: 0.6341, Dice Gap: -0.0758
  Best Validation Dice: 0.6260 (epoch 30)
  Patience Counter: 0/20
Model architecture saved to models/C_scale075_l04_cls2w11_os20/model_architecture.pth
Model weights saved to models/C_scale075_l04_cls2w11_os20/model_epoch_30.pth
  📊 GPU Memory Status: Allocated=232MB, Reserved=2670MB

Epoch [31/120], Loss: 0.6367
Average Dice Coefficient: 0.5562
Average Jaccard Index: 0.4182
  Current learning rate: 0.000017
  Augmentation curriculum: cosine, level=0.000, target_profile=moderate
  Validation Dice: 0.6162, Jaccard: 0.4794
  Validation Loss: 0.6319, Dice Gap: -0.0600
  Best Validation Dice: 0.6260 (epoch 30)
  Patience Counter: 1/20

Epoch [32/120], Loss: 0.6335
Average Dice Coefficient: 0.5649
Average Jaccard Index: 0.4265
  Current learning rate: 0.000017
  Augmentation curriculum: cosine, level=0.000, target_profile=moderate
  Validation Dice: 0.6134, Jaccard: 0.4831
  Validation Loss: 0.6301, Dice Gap: -0.0485
  Best Validation Dice: 0.6260 (epoch 30)
  Patience Counter: 2/20

Epoch [33/120], Loss: 0.6310
Average Dice Coefficient: 0.5694
Average Jaccard Index: 0.4315
  Current learning rate: 0.000017
  Augmentation curriculum: cosine, level=0.000, target_profile=moderate
  Validation Dice: 0.6132, Jaccard: 0.4781
  Validation Loss: 0.6322, Dice Gap: -0.0439
  Best Validation Dice: 0.6260 (epoch 30)
  Patience Counter: 3/20

Epoch [34/120], Loss: 0.6279
Average Dice Coefficient: 0.5748
Average Jaccard Index: 0.4369
  Current learning rate: 0.000017
  Augmentation curriculum: cosine, level=0.000, target_profile=moderate
  Validation Dice: 0.6237, Jaccard: 0.4901
  Validation Loss: 0.6234, Dice Gap: -0.0489
  Best Validation Dice: 0.6260 (epoch 30)
  Patience Counter: 4/20
Model architecture saved to models/C_scale075_l04_cls2w11_os20/model_architecture.pth
Model weights saved to models/C_scale075_l04_cls2w11_os20/best_model.pth
  ✓ New best model saved by val Dice: 0.6393 (epoch 35)

Epoch [35/120], Loss: 0.6248
Average Dice Coefficient: 0.5813
Average Jaccard Index: 0.4440
  Current learning rate: 0.000016
  Augmentation curriculum: cosine, level=0.000, target_profile=moderate
  Validation Dice: 0.6393, Jaccard: 0.5079
  Validation Loss: 0.6211, Dice Gap: -0.0580
  Best Validation Dice: 0.6393 (epoch 35)
  Patience Counter: 0/20
  📊 GPU Memory Status: Allocated=232MB, Reserved=2670MB

Epoch [36/120], Loss: 0.6221
Average Dice Coefficient: 0.5862
Average Jaccard Index: 0.4491
  Current learning rate: 0.000016
  Augmentation curriculum: cosine, level=0.000, target_profile=moderate
  Validation Dice: 0.6223, Jaccard: 0.4860
  Validation Loss: 0.6258, Dice Gap: -0.0361
  Best Validation Dice: 0.6393 (epoch 35)
  Patience Counter: 1/20

Epoch [37/120], Loss: 0.6198
Average Dice Coefficient: 0.5864
Average Jaccard Index: 0.4495
  Current learning rate: 0.000016
  Augmentation curriculum: cosine, level=0.000, target_profile=moderate
  Validation Dice: 0.6362, Jaccard: 0.5063
  Validation Loss: 0.6161, Dice Gap: -0.0498
  Best Validation Dice: 0.6393 (epoch 35)
  Patience Counter: 2/20

Epoch [38/120], Loss: 0.6168
Average Dice Coefficient: 0.5939
Average Jaccard Index: 0.4575
  Current learning rate: 0.000016
  Augmentation curriculum: cosine, level=0.000, target_profile=moderate
  Validation Dice: 0.6347, Jaccard: 0.5023
  Validation Loss: 0.6214, Dice Gap: -0.0409
  Best Validation Dice: 0.6393 (epoch 35)
  Patience Counter: 3/20
Model architecture saved to models/C_scale075_l04_cls2w11_os20/model_architecture.pth
Model weights saved to models/C_scale075_l04_cls2w11_os20/best_model.pth
  ✓ New best model saved by val Dice: 0.6411 (epoch 39)

Epoch [39/120], Loss: 0.6144
Average Dice Coefficient: 0.5960
Average Jaccard Index: 0.4598
  Current learning rate: 0.000015
  Augmentation curriculum: cosine, level=0.000, target_profile=moderate
  Validation Dice: 0.6411, Jaccard: 0.5107
  Validation Loss: 0.6197, Dice Gap: -0.0451
  Best Validation Dice: 0.6411 (epoch 39)
  Patience Counter: 0/20

Epoch [40/120], Loss: 0.6118
Average Dice Coefficient: 0.6023
Average Jaccard Index: 0.4662
  Current learning rate: 0.000015
  Augmentation curriculum: cosine, level=0.001, target_profile=moderate
  Validation Dice: 0.6376, Jaccard: 0.5058
  Validation Loss: 0.6150, Dice Gap: -0.0353
  Best Validation Dice: 0.6411 (epoch 39)
  Patience Counter: 1/20
Model architecture saved to models/C_scale075_l04_cls2w11_os20/model_architecture.pth
Model weights saved to models/C_scale075_l04_cls2w11_os20/model_epoch_40.pth
  📊 GPU Memory Status: Allocated=232MB, Reserved=2670MB

Epoch [41/120], Loss: 0.6093
Average Dice Coefficient: 0.6037
Average Jaccard Index: 0.4679
  Current learning rate: 0.000015
  Augmentation curriculum: cosine, level=0.003, target_profile=moderate
  Validation Dice: 0.6285, Jaccard: 0.4996
  Validation Loss: 0.6117, Dice Gap: -0.0249
  Best Validation Dice: 0.6411 (epoch 39)
  Patience Counter: 2/20
Model architecture saved to models/C_scale075_l04_cls2w11_os20/model_architecture.pth
Model weights saved to models/C_scale075_l04_cls2w11_os20/best_model.pth
  ✓ New best model saved by val Dice: 0.6426 (epoch 42)

Epoch [42/120], Loss: 0.6070
Average Dice Coefficient: 0.6062
Average Jaccard Index: 0.4711
  Current learning rate: 0.000015
  Augmentation curriculum: cosine, level=0.007, target_profile=moderate
  Validation Dice: 0.6426, Jaccard: 0.5158
  Validation Loss: 0.6071, Dice Gap: -0.0365
  Best Validation Dice: 0.6426 (epoch 42)
  Patience Counter: 0/20

Epoch [43/120], Loss: 0.6041
Average Dice Coefficient: 0.6149
Average Jaccard Index: 0.4799
  Current learning rate: 0.000015
  Augmentation curriculum: cosine, level=0.013, target_profile=moderate
  Validation Dice: 0.6347, Jaccard: 0.5065
  Validation Loss: 0.6035, Dice Gap: -0.0198
  Best Validation Dice: 0.6426 (epoch 42)
  Patience Counter: 1/20

Epoch [44/120], Loss: 0.6023
Average Dice Coefficient: 0.6140
Average Jaccard Index: 0.4793
  Current learning rate: 0.000014
  Augmentation curriculum: cosine, level=0.020, target_profile=moderate
  Validation Dice: 0.6265, Jaccard: 0.4956
  Validation Loss: 0.6048, Dice Gap: -0.0125
  Best Validation Dice: 0.6426 (epoch 42)
  Patience Counter: 2/20

Epoch [45/120], Loss: 0.5998
Average Dice Coefficient: 0.6192
Average Jaccard Index: 0.4852
  Current learning rate: 0.000014
  Augmentation curriculum: cosine, level=0.028, target_profile=moderate
  Validation Dice: 0.6382, Jaccard: 0.5076
  Validation Loss: 0.5997, Dice Gap: -0.0190
  Best Validation Dice: 0.6426 (epoch 42)
  Patience Counter: 3/20
  📊 GPU Memory Status: Allocated=232MB, Reserved=2670MB

Epoch [46/120], Loss: 0.5974
Average Dice Coefficient: 0.6230
Average Jaccard Index: 0.4882
  Current learning rate: 0.000014
  Augmentation curriculum: cosine, level=0.038, target_profile=moderate
  Validation Dice: 0.6122, Jaccard: 0.4769
  Validation Loss: 0.6111, Dice Gap: +0.0108
  Best Validation Dice: 0.6426 (epoch 42)
  Patience Counter: 4/20

Epoch [47/120], Loss: 0.5951
Average Dice Coefficient: 0.6276
Average Jaccard Index: 0.4934
  Current learning rate: 0.000014
  Augmentation curriculum: cosine, level=0.049, target_profile=moderate
  Validation Dice: 0.6203, Jaccard: 0.4884
  Validation Loss: 0.6062, Dice Gap: +0.0073
  Best Validation Dice: 0.6426 (epoch 42)
  Patience Counter: 5/20

Epoch [48/120], Loss: 0.5935
Average Dice Coefficient: 0.6269
Average Jaccard Index: 0.4936
  Current learning rate: 0.000013
  Augmentation curriculum: cosine, level=0.062, target_profile=moderate
  Validation Dice: 0.6380, Jaccard: 0.5097
  Validation Loss: 0.5979, Dice Gap: -0.0111
  Best Validation Dice: 0.6426 (epoch 42)
  Patience Counter: 6/20

Epoch [49/120], Loss: 0.5912
Average Dice Coefficient: 0.6318
Average Jaccard Index: 0.4981
  Current learning rate: 0.000013
  Augmentation curriculum: cosine, level=0.075, target_profile=moderate
  Validation Dice: 0.6385, Jaccard: 0.5094
  Validation Loss: 0.6032, Dice Gap: -0.0067
  Best Validation Dice: 0.6426 (epoch 42)
  Patience Counter: 7/20

Epoch [50/120], Loss: 0.5893
Average Dice Coefficient: 0.6336
Average Jaccard Index: 0.5002
  Current learning rate: 0.000013
  Augmentation curriculum: cosine, level=0.090, target_profile=moderate
  Validation Dice: 0.6178, Jaccard: 0.4833
  Validation Loss: 0.6011, Dice Gap: +0.0158
  Best Validation Dice: 0.6426 (epoch 42)
  Patience Counter: 8/20
Model architecture saved to models/C_scale075_l04_cls2w11_os20/model_architecture.pth
Model weights saved to models/C_scale075_l04_cls2w11_os20/model_epoch_50.pth
  📊 GPU Memory Status: Allocated=232MB, Reserved=2670MB

Epoch [51/120], Loss: 0.5872
Average Dice Coefficient: 0.6359
Average Jaccard Index: 0.5029
  Current learning rate: 0.000013
  Augmentation curriculum: cosine, level=0.105, target_profile=moderate
  Validation Dice: 0.6386, Jaccard: 0.5080
  Validation Loss: 0.5916, Dice Gap: -0.0027
  Best Validation Dice: 0.6426 (epoch 42)
  Patience Counter: 9/20

Epoch [52/120], Loss: 0.5848
Average Dice Coefficient: 0.6378
Average Jaccard Index: 0.5049
  Current learning rate: 0.000012
  Augmentation curriculum: cosine, level=0.121, target_profile=moderate
  Validation Dice: 0.6288, Jaccard: 0.4967
  Validation Loss: 0.5913, Dice Gap: +0.0090
  Best Validation Dice: 0.6426 (epoch 42)
  Patience Counter: 10/20

Epoch [53/120], Loss: 0.5833
Average Dice Coefficient: 0.6402
Average Jaccard Index: 0.5078
  Current learning rate: 0.000012
  Augmentation curriculum: cosine, level=0.138, target_profile=moderate
  Validation Dice: 0.6291, Jaccard: 0.4994
  Validation Loss: 0.5889, Dice Gap: +0.0111
  Best Validation Dice: 0.6426 (epoch 42)
  Patience Counter: 11/20

Epoch [54/120], Loss: 0.5811
Average Dice Coefficient: 0.6437
Average Jaccard Index: 0.5113
  Current learning rate: 0.000012
  Augmentation curriculum: cosine, level=0.155, target_profile=moderate
  Validation Dice: 0.6283, Jaccard: 0.4997
  Validation Loss: 0.5899, Dice Gap: +0.0153
  Best Validation Dice: 0.6426 (epoch 42)
  Patience Counter: 12/20

Epoch [55/120], Loss: 0.5792
Average Dice Coefficient: 0.6471
Average Jaccard Index: 0.5151
  Current learning rate: 0.000012
  Augmentation curriculum: cosine, level=0.173, target_profile=moderate
  Validation Dice: 0.6183, Jaccard: 0.4851
  Validation Loss: 0.5972, Dice Gap: +0.0288
  Best Validation Dice: 0.6426 (epoch 42)
  Patience Counter: 13/20
  📊 GPU Memory Status: Allocated=232MB, Reserved=2670MB

Epoch [56/120], Loss: 0.5774
Average Dice Coefficient: 0.6504
Average Jaccard Index: 0.5184
  Current learning rate: 0.000011
  Augmentation curriculum: cosine, level=0.191, target_profile=moderate
  Validation Dice: 0.6264, Jaccard: 0.4984
  Validation Loss: 0.5814, Dice Gap: +0.0239
  Best Validation Dice: 0.6426 (epoch 42)
  Patience Counter: 14/20

Epoch [57/120], Loss: 0.5758
Average Dice Coefficient: 0.6507
Average Jaccard Index: 0.5191
  Current learning rate: 0.000011
  Augmentation curriculum: cosine, level=0.209, target_profile=moderate
  Validation Dice: 0.6229, Jaccard: 0.4917
  Validation Loss: 0.5892, Dice Gap: +0.0278
  Best Validation Dice: 0.6426 (epoch 42)
  Patience Counter: 15/20

Epoch [58/120], Loss: 0.5746
Average Dice Coefficient: 0.6507
Average Jaccard Index: 0.5200
  Current learning rate: 0.000011
  Augmentation curriculum: cosine, level=0.227, target_profile=moderate
  Validation Dice: 0.6380, Jaccard: 0.5118
  Validation Loss: 0.5806, Dice Gap: +0.0126
  Best Validation Dice: 0.6426 (epoch 42)
  Patience Counter: 16/20

Epoch [59/120], Loss: 0.5725
Average Dice Coefficient: 0.6535
Average Jaccard Index: 0.5225
  Current learning rate: 0.000011
  Augmentation curriculum: cosine, level=0.245, target_profile=moderate
  Validation Dice: 0.6217, Jaccard: 0.4928
  Validation Loss: 0.5779, Dice Gap: +0.0318
  Best Validation Dice: 0.6426 (epoch 42)
  Patience Counter: 17/20

Epoch [60/120], Loss: 0.5711
Average Dice Coefficient: 0.6548
Average Jaccard Index: 0.5240
  Current learning rate: 0.000010
  Augmentation curriculum: cosine, level=0.262, target_profile=moderate
  Validation Dice: 0.6264, Jaccard: 0.4951
  Validation Loss: 0.5770, Dice Gap: +0.0284
  Best Validation Dice: 0.6426 (epoch 42)
  Patience Counter: 18/20
Model architecture saved to models/C_scale075_l04_cls2w11_os20/model_architecture.pth
Model weights saved to models/C_scale075_l04_cls2w11_os20/model_epoch_60.pth
  📊 GPU Memory Status: Allocated=232MB, Reserved=2670MB

Epoch [61/120], Loss: 0.5695
Average Dice Coefficient: 0.6566
Average Jaccard Index: 0.5260
  Current learning rate: 0.000010
  Augmentation curriculum: cosine, level=0.279, target_profile=moderate
  Validation Dice: 0.6242, Jaccard: 0.4943
  Validation Loss: 0.5786, Dice Gap: +0.0324
  Best Validation Dice: 0.6426 (epoch 42)
  Patience Counter: 19/20

Epoch [62/120], Loss: 0.5678
Average Dice Coefficient: 0.6614
Average Jaccard Index: 0.5315
  Current learning rate: 0.000010
  Augmentation curriculum: cosine, level=0.295, target_profile=moderate
  Validation Dice: 0.6232, Jaccard: 0.4956
  Validation Loss: 0.5790, Dice Gap: +0.0382
  Best Validation Dice: 0.6426 (epoch 42)
  Patience Counter: 20/20

Epoch [63/120], Loss: 0.5671
Average Dice Coefficient: 0.6566
Average Jaccard Index: 0.5274
  Current learning rate: 0.000010
  Augmentation curriculum: cosine, level=0.310, target_profile=moderate
  Validation Dice: 0.6223, Jaccard: 0.4952
  Validation Loss: 0.5744, Dice Gap: +0.0343
  Best Validation Dice: 0.6426 (epoch 42)
  Patience Counter: 21/20

Epoch [64/120], Loss: 0.5653
Average Dice Coefficient: 0.6633
Average Jaccard Index: 0.5337
  Current learning rate: 0.000009
  Augmentation curriculum: cosine, level=0.325, target_profile=moderate
  Validation Dice: 0.6212, Jaccard: 0.4911
  Validation Loss: 0.5769, Dice Gap: +0.0421
  Best Validation Dice: 0.6426 (epoch 42)
  Patience Counter: 22/20

Epoch [65/120], Loss: 0.5639
Average Dice Coefficient: 0.6654
Average Jaccard Index: 0.5361
  Current learning rate: 0.000009
  Augmentation curriculum: cosine, level=0.338, target_profile=moderate
  Validation Dice: 0.6334, Jaccard: 0.5074
  Validation Loss: 0.5698, Dice Gap: +0.0320
  Best Validation Dice: 0.6426 (epoch 42)
  Patience Counter: 23/20
  📊 GPU Memory Status: Allocated=232MB, Reserved=2670MB

Epoch [66/120], Loss: 0.5629
Average Dice Coefficient: 0.6651
Average Jaccard Index: 0.5358
  Current learning rate: 0.000009
  Augmentation curriculum: cosine, level=0.351, target_profile=moderate
  Validation Dice: 0.6223, Jaccard: 0.4944
  Validation Loss: 0.5747, Dice Gap: +0.0428
  Best Validation Dice: 0.6426 (epoch 42)
  Patience Counter: 24/20

Epoch [67/120], Loss: 0.5613
Average Dice Coefficient: 0.6650
Average Jaccard Index: 0.5358
  Current learning rate: 0.000009
  Augmentation curriculum: cosine, level=0.362, target_profile=moderate
  Validation Dice: 0.6159, Jaccard: 0.4863
  Validation Loss: 0.5707, Dice Gap: +0.0491
  Best Validation Dice: 0.6426 (epoch 42)
  Patience Counter: 25/20

Epoch [68/120], Loss: 0.5597
Average Dice Coefficient: 0.6692
Average Jaccard Index: 0.5405
  Current learning rate: 0.000008
  Augmentation curriculum: cosine, level=0.372, target_profile=moderate
  Validation Dice: 0.6005, Jaccard: 0.4747
  Validation Loss: 0.5743, Dice Gap: +0.0687
  Best Validation Dice: 0.6426 (epoch 42)
  Patience Counter: 26/20

Epoch [69/120], Loss: 0.5585
Average Dice Coefficient: 0.6722
Average Jaccard Index: 0.5439
  Current learning rate: 0.000008
  Augmentation curriculum: cosine, level=0.380, target_profile=moderate
  Validation Dice: 0.6143, Jaccard: 0.4893
  Validation Loss: 0.5675, Dice Gap: +0.0580
  Best Validation Dice: 0.6426 (epoch 42)
  Patience Counter: 27/20

Epoch [70/120], Loss: 0.5574
Average Dice Coefficient: 0.6701
Average Jaccard Index: 0.5417
  Current learning rate: 0.000008
  Augmentation curriculum: cosine, level=0.387, target_profile=moderate
  Validation Dice: 0.5932, Jaccard: 0.4672
  Validation Loss: 0.5720, Dice Gap: +0.0769
  Best Validation Dice: 0.6426 (epoch 42)
  Patience Counter: 28/20
Model architecture saved to models/C_scale075_l04_cls2w11_os20/model_architecture.pth
Model weights saved to models/C_scale075_l04_cls2w11_os20/model_epoch_70.pth
  📊 GPU Memory Status: Allocated=232MB, Reserved=2670MB

Epoch [71/120], Loss: 0.5563
Average Dice Coefficient: 0.6722
Average Jaccard Index: 0.5443
  Current learning rate: 0.000008
  Augmentation curriculum: cosine, level=0.393, target_profile=moderate
  Validation Dice: 0.6132, Jaccard: 0.4883
  Validation Loss: 0.5721, Dice Gap: +0.0591
  Best Validation Dice: 0.6426 (epoch 42)
  Patience Counter: 29/20

Epoch [72/120], Loss: 0.5555
Average Dice Coefficient: 0.6732
Average Jaccard Index: 0.5455
  Current learning rate: 0.000007
  Augmentation curriculum: cosine, level=0.397, target_profile=moderate
  Validation Dice: 0.6159, Jaccard: 0.4854
  Validation Loss: 0.5765, Dice Gap: +0.0572
  Best Validation Dice: 0.6426 (epoch 42)
  Patience Counter: 30/20

Epoch [73/120], Loss: 0.5542
Average Dice Coefficient: 0.6774
Average Jaccard Index: 0.5500
  Current learning rate: 0.000007
  Augmentation curriculum: cosine, level=0.399, target_profile=moderate
  Validation Dice: 0.5979, Jaccard: 0.4701
  Validation Loss: 0.5715, Dice Gap: +0.0795
  Best Validation Dice: 0.6426 (epoch 42)
  Patience Counter: 31/20

Epoch [74/120], Loss: 0.5525
Average Dice Coefficient: 0.6806
Average Jaccard Index: 0.5544
  Current learning rate: 0.000007
  Augmentation curriculum: cosine, level=0.400, target_profile=moderate
  Validation Dice: 0.6082, Jaccard: 0.4800
  Validation Loss: 0.5674, Dice Gap: +0.0724
  Best Validation Dice: 0.6426 (epoch 42)
  Patience Counter: 32/20

Epoch [75/120], Loss: 0.5520
Average Dice Coefficient: 0.6812
Average Jaccard Index: 0.5544
  Current learning rate: 0.000007
  Augmentation curriculum: cosine, level=0.400, target_profile=moderate
  Validation Dice: 0.5887, Jaccard: 0.4584
  Validation Loss: 0.5782, Dice Gap: +0.0926
  Best Validation Dice: 0.6426 (epoch 42)
  Patience Counter: 33/20
  📊 GPU Memory Status: Allocated=232MB, Reserved=2670MB

Epoch [76/120], Loss: 0.5503
Average Dice Coefficient: 0.6855
Average Jaccard Index: 0.5584
  Current learning rate: 0.000006
  Augmentation curriculum: cosine, level=0.400, target_profile=moderate
  Validation Dice: 0.6145, Jaccard: 0.4887
  Validation Loss: 0.5612, Dice Gap: +0.0709
  Best Validation Dice: 0.6426 (epoch 42)
  Patience Counter: 34/20

Epoch [77/120], Loss: 0.5496
Average Dice Coefficient: 0.6878
Average Jaccard Index: 0.5614
  Current learning rate: 0.000006
  Augmentation curriculum: cosine, level=0.400, target_profile=moderate
  Validation Dice: 0.5921, Jaccard: 0.4636
  Validation Loss: 0.5698, Dice Gap: +0.0957
  Best Validation Dice: 0.6426 (epoch 42)
  Patience Counter: 35/20

Epoch [78/120], Loss: 0.5490
Average Dice Coefficient: 0.6871
Average Jaccard Index: 0.5609
  Current learning rate: 0.000006
  Augmentation curriculum: cosine, level=0.400, target_profile=moderate
  Validation Dice: 0.6113, Jaccard: 0.4860
  Validation Loss: 0.5632, Dice Gap: +0.0759
  Best Validation Dice: 0.6426 (epoch 42)
  Patience Counter: 36/20

Epoch [79/120], Loss: 0.5477
Average Dice Coefficient: 0.6911
Average Jaccard Index: 0.5649
  Current learning rate: 0.000006
  Augmentation curriculum: cosine, level=0.400, target_profile=moderate
  Validation Dice: 0.5962, Jaccard: 0.4700
  Validation Loss: 0.5639, Dice Gap: +0.0950
  Best Validation Dice: 0.6426 (epoch 42)
  Patience Counter: 37/20

Epoch [80/120], Loss: 0.5467
Average Dice Coefficient: 0.6922
Average Jaccard Index: 0.5669
  Current learning rate: 0.000005
  Augmentation curriculum: cosine, level=0.400, target_profile=moderate
  Validation Dice: 0.5974, Jaccard: 0.4720
  Validation Loss: 0.5610, Dice Gap: +0.0948
  Best Validation Dice: 0.6426 (epoch 42)
  Patience Counter: 38/20
Model architecture saved to models/C_scale075_l04_cls2w11_os20/model_architecture.pth
Model weights saved to models/C_scale075_l04_cls2w11_os20/model_epoch_80.pth
  📊 GPU Memory Status: Allocated=232MB, Reserved=2670MB

Epoch [81/120], Loss: 0.5461
Average Dice Coefficient: 0.6942
Average Jaccard Index: 0.5687
  Current learning rate: 0.000005
  Augmentation curriculum: cosine, level=0.400, target_profile=moderate
  Validation Dice: 0.6023, Jaccard: 0.4738
  Validation Loss: 0.5656, Dice Gap: +0.0919
  Best Validation Dice: 0.6426 (epoch 42)
  Patience Counter: 39/20

Epoch [82/120], Loss: 0.5452
Average Dice Coefficient: 0.6971
Average Jaccard Index: 0.5714
  Current learning rate: 0.000005
  Augmentation curriculum: cosine, level=0.400, target_profile=moderate
  Validation Dice: 0.5984, Jaccard: 0.4713
  Validation Loss: 0.5697, Dice Gap: +0.0986
  Best Validation Dice: 0.6426 (epoch 42)
  Patience Counter: 40/20

Epoch [83/120], Loss: 0.5441
Average Dice Coefficient: 0.6983
Average Jaccard Index: 0.5730
  Current learning rate: 0.000005
  Augmentation curriculum: cosine, level=0.400, target_profile=moderate
  Validation Dice: 0.5751, Jaccard: 0.4489
  Validation Loss: 0.5713, Dice Gap: +0.1232
  Best Validation Dice: 0.6426 (epoch 42)
  Patience Counter: 41/20

Epoch [84/120], Loss: 0.5436
Average Dice Coefficient: 0.7028
Average Jaccard Index: 0.5784
  Current learning rate: 0.000004
  Augmentation curriculum: cosine, level=0.400, target_profile=moderate
  Validation Dice: 0.5890, Jaccard: 0.4632
  Validation Loss: 0.5699, Dice Gap: +0.1138
  Best Validation Dice: 0.6426 (epoch 42)
  Patience Counter: 42/20

Epoch [85/120], Loss: 0.5432
Average Dice Coefficient: 0.6993
Average Jaccard Index: 0.5748
  Current learning rate: 0.000004
  Augmentation curriculum: cosine, level=0.400, target_profile=moderate
  Validation Dice: 0.5814, Jaccard: 0.4558
  Validation Loss: 0.5696, Dice Gap: +0.1179
  Best Validation Dice: 0.6426 (epoch 42)
  Patience Counter: 43/20
  📊 GPU Memory Status: Allocated=232MB, Reserved=2670MB

Epoch [86/120], Loss: 0.5423
Average Dice Coefficient: 0.7034
Average Jaccard Index: 0.5785
  Current learning rate: 0.000004
  Augmentation curriculum: cosine, level=0.400, target_profile=moderate
  Validation Dice: 0.5873, Jaccard: 0.4625
  Validation Loss: 0.5643, Dice Gap: +0.1161
  Best Validation Dice: 0.6426 (epoch 42)
  Patience Counter: 44/20

Epoch [87/120], Loss: 0.5417
Average Dice Coefficient: 0.7007
Average Jaccard Index: 0.5765
  Current learning rate: 0.000004
  Augmentation curriculum: cosine, level=0.400, target_profile=moderate
  Validation Dice: 0.5694, Jaccard: 0.4433
  Validation Loss: 0.5694, Dice Gap: +0.1313
  Best Validation Dice: 0.6426 (epoch 42)
  Patience Counter: 45/20

Epoch [88/120], Loss: 0.5412
Average Dice Coefficient: 0.7059
Average Jaccard Index: 0.5824
  Current learning rate: 0.000004
  Augmentation curriculum: cosine, level=0.400, target_profile=moderate
  Validation Dice: 0.5862, Jaccard: 0.4607
  Validation Loss: 0.5673, Dice Gap: +0.1197
  Best Validation Dice: 0.6426 (epoch 42)
  Patience Counter: 46/20

Epoch [89/120], Loss: 0.5403
Average Dice Coefficient: 0.7088
Average Jaccard Index: 0.5850
  Current learning rate: 0.000003
  Augmentation curriculum: cosine, level=0.400, target_profile=moderate
  Validation Dice: 0.5873, Jaccard: 0.4626
  Validation Loss: 0.5611, Dice Gap: +0.1215
  Best Validation Dice: 0.6426 (epoch 42)
  Patience Counter: 47/20

Epoch [90/120], Loss: 0.5401
Average Dice Coefficient: 0.7089
Average Jaccard Index: 0.5855
  Current learning rate: 0.000003
  Augmentation curriculum: cosine, level=0.400, target_profile=moderate
  Validation Dice: 0.5890, Jaccard: 0.4612
  Validation Loss: 0.5647, Dice Gap: +0.1199
  Best Validation Dice: 0.6426 (epoch 42)
  Patience Counter: 48/20
Model architecture saved to models/C_scale075_l04_cls2w11_os20/model_architecture.pth
Model weights saved to models/C_scale075_l04_cls2w11_os20/model_epoch_90.pth

⚠️  Early stopping triggered after 20 epochs without val Dice improvement.
Best validation Dice: 0.6426 at epoch 42

Training complete.
Final Dice: 0.5890
Final Jaccard: 0.4612
Best Validation Dice: 0.6426 at epoch 42
Training summary saved to 'runs/logs/C_scale075_l04_cls2w11_os20/summary.json'
  ⚠ Warning: Failed to record final metrics: value should be one of int, float, str, bool, or torch.Tensor
Training history saved to 'runs/logs/C_scale075_l04_cls2w11_os20/training_history.npy'
------------------------------------------------------------
Training complete!

Saving final model to models/C_scale075_l04_cls2w11_os20/
Model architecture saved to models/C_scale075_l04_cls2w11_os20/model_architecture.pth
Model weights saved to models/C_scale075_l04_cls2w11_os20/model.pth
